\BOOKMARK [1][-]{section.1}{\376\377\176\352\213\272}{}% 1
\BOOKMARK [2][-]{subsection.1.1}{\376\377\170\024\172\166\200\314\146\157\116\016\141\017\116\111}{section.1}% 2
\BOOKMARK [2][-]{subsection.1.2}{\376\377\170\024\172\166\166\356\150\007\116\016\145\271\154\325}{section.1}% 3
\BOOKMARK [2][-]{subsection.1.3}{\376\377\142\245\124\112\176\323\147\204}{section.1}% 4
\BOOKMARK [1][-]{section.2}{\376\377\127\372\170\100\145\160\143\156\143\026\143\230\116\016\145\164\164\006}{}% 5
\BOOKMARK [2][-]{subsection.2.1}{\376\377\117\001\116\032\124\015\137\125}{section.2}% 6
\BOOKMARK [2][-]{subsection.2.2}{\376\377\116\247\121\372\145\160\143\156\377\010\0002\0000\0002\0003\040\023\0002\0000\0002\0005\377\011}{section.2}% 7
\BOOKMARK [2][-]{subsection.2.3}{\376\377\116\247\116\032\127\372\170\100\116\016\221\115\131\127\213\276\145\275}{section.2}% 8
\BOOKMARK [1][-]{section.3}{\376\377\116\247\116\032\165\073\120\317}{}% 9
\BOOKMARK [2][-]{subsection.3.1}{\376\377\211\304\152\041\162\171\137\201}{section.3}% 10
\BOOKMARK [2][-]{subsection.3.2}{\376\377\176\323\147\204\162\171\137\201}{section.3}% 11
\BOOKMARK [2][-]{subsection.3.3}{\376\377\123\321\134\125\215\213\122\277\377\010\0002\0000\0002\0003\040\023\0002\0000\0002\0005\377\011}{section.3}% 12
\BOOKMARK [3][-]{subsubsection.3.3.1}{\376\377\130\236\225\177\217\150\217\371\116\016\124\150\147\037\227\347\140\047}{subsection.3.3}% 13
\BOOKMARK [3][-]{subsubsection.3.3.2}{\376\377\142\200\147\057\157\024\217\333\116\016\217\355\116\343}{subsection.3.3}% 14
\BOOKMARK [3][-]{subsubsection.3.3.3}{\376\377\121\163\225\056\165\333\160\271}{subsection.3.3}% 15
\BOOKMARK [2][-]{subsection.3.4}{\376\377\121\163\225\056\143\007\150\007\117\123\174\373}{section.3}% 16
\BOOKMARK [3][-]{subsubsection.3.4.1}{\376\377\150\070\137\303\143\007\150\007\215\213\122\277\377\010\0002\0000\0002\0003\040\023\0002\0000\0002\0005\136\164\377\011}{subsection.3.4}% 17
\BOOKMARK [3][-]{subsubsection.3.4.2}{\376\377\121\163\200\124\122\006\147\220\377\032\232\330\142\225\121\145\000\040\041\222\000\040\137\072\116\247\121\372\000\040\041\222\000\040\137\353\217\154\123\026}{subsection.3.4}% 18
\BOOKMARK [3][-]{subsubsection.3.4.3}{\376\377\124\004\163\257\202\202\142\200\147\057\142\020\161\237\136\246}{subsection.3.4}% 19
\BOOKMARK [3][-]{subsubsection.3.4.4}{\376\377\136\002\127\072\227\000\154\102\176\323\147\204}{subsection.3.4}% 20
\BOOKMARK [2][-]{subsection.3.5}{\376\377\136\002\127\072\176\323\147\204\116\016\226\306\116\055\136\246}{section.3}% 21
\BOOKMARK [3][-]{subsubsection.3.5.1}{\376\377\136\002\127\072\226\306\116\055\136\246\377\010\000C\000R\0005\000/\000C\000R\0001\0000\000/\000C\000R\0003\0000\377\011}{subsection.3.5}% 22
\BOOKMARK [3][-]{subsubsection.3.5.2}{\376\377\117\001\116\032\211\304\152\041\176\323\147\204}{subsection.3.5}% 23
\BOOKMARK [3][-]{subsubsection.3.5.3}{\376\377\142\100\147\011\122\066\176\323\147\204}{subsection.3.5}% 24
\BOOKMARK [3][-]{subsubsection.3.5.4}{\376\377\123\072\127\337\215\104\147\054\226\306\116\055\136\246}{subsection.3.5}% 25
\BOOKMARK [1][-]{section.4}{\376\377\116\272\142\115\165\073\120\317}{}% 26
\BOOKMARK [2][-]{subsection.4.1}{\376\377\116\272\142\115\211\304\152\041\116\016\147\204\142\020}{section.4}% 27
\BOOKMARK [3][-]{subsubsection.4.1.1}{\376\377\116\272\142\115\140\073\221\317\116\016\116\247\116\032\122\006\136\003}{subsection.4.1}% 28
\BOOKMARK [3][-]{subsubsection.4.1.2}{\376\377\116\272\142\115\123\072\127\337\136\003\134\100}{subsection.4.1}% 29
\BOOKMARK [3][-]{subsubsection.4.1.3}{\376\377\133\146\123\206\200\314\146\157\176\323\147\204}{subsection.4.1}% 30
\BOOKMARK [3][-]{subsubsection.4.1.4}{\376\377\200\114\171\360\176\323\147\204}{subsection.4.1}% 31
\BOOKMARK [3][-]{subsubsection.4.1.5}{\376\377\136\164\237\204\176\323\147\204}{subsection.4.1}% 32
\BOOKMARK [2][-]{subsection.4.2}{\376\377\150\070\137\303\116\272\142\115\227\000\154\102}{section.4}% 33
\BOOKMARK [3][-]{subsubsection.4.2.1}{\376\377\143\011\116\247\116\032\174\173\122\053\166\204\116\272\142\115\227\000\154\102}{subsection.4.2}% 34
\BOOKMARK [3][-]{subsubsection.4.2.2}{\376\377\116\367\120\074\224\376\124\004\163\257\202\202\227\000\154\102}{subsection.4.2}% 35
\BOOKMARK [3][-]{subsubsection.4.2.3}{\376\377\134\227\117\115\176\323\147\204\116\016\117\233\227\000\162\171\137\201}{subsection.4.2}% 36
\BOOKMARK [3][-]{subsubsection.4.2.4}{\376\377\150\070\137\303\142\200\200\375\116\016\215\104\150\074\211\201\154\102}{subsection.4.2}% 37
\BOOKMARK [3][-]{subsubsection.4.2.5}{\376\377\176\317\232\214\120\117\131\175\116\016\142\333\200\130\162\171\137\201}{subsection.4.2}% 38
\BOOKMARK [2][-]{subsection.4.3}{\376\377\116\272\142\115\122\006\136\003\116\016\155\101\122\250}{section.4}% 39
\BOOKMARK [3][-]{subsubsection.4.3.1}{\376\377\172\172\225\364\226\306\116\055\136\246\116\016\121\150\126\375\150\074\134\100}{subsection.4.3}% 40
\BOOKMARK [3][-]{subsubsection.4.3.2}{\376\377\167\001\121\205\155\101\122\250\150\074\134\100}{subsection.4.3}% 41
\BOOKMARK [3][-]{subsubsection.4.3.3}{\376\377\145\077\136\234\137\025\142\115\116\076\143\252}{subsection.4.3}% 42
\BOOKMARK [3][-]{subsubsection.4.3.4}{\376\377\232\330\150\041\116\272\142\115\127\371\121\173\116\016\165\131\133\130}{subsection.4.3}% 43
\BOOKMARK [3][-]{subsubsection.4.3.5}{\376\377\150\070\137\303\176\323\147\204\140\047\225\356\230\230}{subsection.4.3}% 44
\BOOKMARK [2][-]{subsection.4.4}{\376\377\116\272\142\115\145\077\173\126\133\371\143\245}{section.4}% 45
\BOOKMARK [3][-]{subsubsection.4.4.1}{\376\377\131\032\134\102\153\041\145\077\173\126\117\123\174\373\151\202\211\310}{subsection.4.4}% 46
\BOOKMARK [3][-]{subsubsection.4.4.2}{\376\377\124\004\174\173\116\272\142\115\166\204\145\077\173\126\211\206\166\326\116\016\220\002\221\115\140\047}{subsection.4.4}% 47
\BOOKMARK [3][-]{subsubsection.4.4.3}{\376\377\116\272\142\115\205\252\221\154\154\064\136\163}{subsection.4.4}% 48
\BOOKMARK [3][-]{subsubsection.4.4.4}{\376\377\116\247\116\032\172\336\116\211\122\233\213\304\116\367}{subsection.4.4}% 49
\BOOKMARK [1][-]{section.5}{\376\377\226\306\177\244\172\336\116\211\122\233\122\006\147\220}{}% 50
\BOOKMARK [2][-]{subsection.5.1}{\376\377\164\006\213\272\127\372\170\100}{section.5}% 51
\BOOKMARK [3][-]{subsubsection.5.1.1}{\376\377\154\342\162\171\166\204\224\273\167\363\152\041\127\213}{subsection.5.1}% 52
\BOOKMARK [3][-]{subsubsection.5.1.2}{\376\377\153\324\217\203\117\030\122\277\164\006\213\272}{subsection.5.1}% 53
\BOOKMARK [2][-]{subsection.5.2}{\376\377\136\177\116\034\116\011\131\047\150\070\137\303\000I\000C\226\306\177\244\151\202\211\310}{section.5}% 54
\BOOKMARK [2][-]{subsection.5.3}{\376\377\155\361\127\063\226\306\177\244\377\032\213\276\213\241\116\016\122\033\145\260\116\055\137\303}{section.5}% 55
\BOOKMARK [2][-]{subsection.5.4}{\376\377\136\177\135\336\226\306\177\244\377\032\146\166\127\006\122\066\220\040\116\055\137\303}{section.5}% 56
\BOOKMARK [2][-]{subsection.5.5}{\376\377\163\340\155\167\226\306\177\244\377\032\173\054\116\011\116\343\123\112\133\374\117\123\127\372\127\060}{section.5}% 57
\BOOKMARK [2][-]{subsection.5.6}{\376\377\142\200\147\057\122\033\145\260\200\375\122\233\133\371\153\324}{section.5}% 58
\BOOKMARK [2][-]{subsection.5.7}{\376\377\116\247\116\032\224\376\123\117\117\134\122\006\147\220}{section.5}% 59
\BOOKMARK [2][-]{subsection.5.8}{\376\377\167\001\176\247\226\306\177\244\224\273\167\363\152\041\127\213\122\006\147\220}{section.5}% 60
\BOOKMARK [3][-]{subsubsection.5.8.1}{\376\377\165\037\116\247\211\201\175\040\147\141\116\366}{subsection.5.8}% 61
\BOOKMARK [3][-]{subsubsection.5.8.2}{\376\377\227\000\154\102\147\141\116\366}{subsection.5.8}% 62
\BOOKMARK [3][-]{subsubsection.5.8.3}{\376\377\166\370\121\163\116\016\145\057\143\001\140\047\116\247\116\032}{subsection.5.8}% 63
\BOOKMARK [3][-]{subsubsection.5.8.4}{\376\377\117\001\116\032\142\030\165\145\060\001\176\323\147\204\116\016\172\336\116\211}{subsection.5.8}% 64
\BOOKMARK [3][-]{subsubsection.5.8.5}{\376\377\145\077\136\234}{subsection.5.8}% 65
\BOOKMARK [3][-]{subsubsection.5.8.6}{\376\377\147\072\220\107}{subsection.5.8}% 66
\BOOKMARK [3][-]{subsubsection.5.8.7}{\376\377\172\172\225\364\136\003\134\100\140\073\176\323}{subsection.5.8}% 67
\BOOKMARK [2][-]{subsection.5.9}{\376\377\126\375\121\205\133\371\150\007\122\006\147\220}{section.5}% 68
\BOOKMARK [3][-]{subsubsection.5.9.1}{\376\377\116\247\116\032\211\304\152\041\116\016\176\323\147\204\133\371\153\324}{subsection.5.9}% 69
\BOOKMARK [3][-]{subsubsection.5.9.2}{\376\377\116\247\116\032\224\376\133\214\145\164\140\047\133\371\153\324}{subsection.5.9}% 70
\BOOKMARK [3][-]{subsubsection.5.9.3}{\376\377\116\272\142\115\120\250\131\007\116\016\171\321\170\024\200\375\122\233\133\371\153\324}{subsection.5.9}% 71
\BOOKMARK [3][-]{subsubsection.5.9.4}{\376\377\136\177\116\034\166\204\172\336\116\211\117\030\122\277\116\016\116\015\215\263}{subsection.5.9}% 72
\BOOKMARK [2][-]{subsection.5.10}{\376\377\126\375\226\105\133\371\150\007\122\006\147\220}{section.5}% 73
\BOOKMARK [3][-]{subsubsection.5.10.1}{\376\377\121\150\164\003\133\371\153\324\151\202\211\310}{subsection.5.10}% 74
\BOOKMARK [3][-]{subsubsection.5.10.2}{\376\377\177\216\126\375}{subsection.5.10}% 75
\BOOKMARK [3][-]{subsubsection.5.10.3}{\376\377\137\267\126\375}{subsection.5.10}% 76
\BOOKMARK [3][-]{subsubsection.5.10.4}{\376\377\145\345\147\054}{subsection.5.10}% 77
\BOOKMARK [3][-]{subsubsection.5.10.5}{\376\377\133\371\136\177\116\034\166\204\124\057\171\072}{subsection.5.10}% 78
\BOOKMARK [2][-]{subsection.5.11}{\376\377\000S\000W\000O\000T\140\073\176\323}{section.5}% 79
\BOOKMARK [1][-]{section.6}{\376\377\221\115\131\127\145\077\173\126\176\374\217\360}{}% 80
\BOOKMARK [2][-]{subsection.6.1}{\376\377\167\001\176\247\145\077\173\126}{section.6}% 81
\BOOKMARK [3][-]{subsubsection.6.1.1}{\376\377\170\024\123\321\210\145\215\064\145\077\173\126}{subsection.6.1}% 82
\BOOKMARK [3][-]{subsubsection.6.1.2}{\376\377\172\016\145\066\121\317\121\115\157\300\122\261}{subsection.6.1}% 83
\BOOKMARK [3][-]{subsubsection.6.1.3}{\376\377\127\037\127\060\215\104\156\220\145\057\143\001\145\077\173\126}{subsection.6.1}% 84
\BOOKMARK [3][-]{subsubsection.6.1.4}{\376\377\207\215\215\104\117\030\140\340\145\077\173\126}{subsection.6.1}% 85
\BOOKMARK [3][-]{subsubsection.6.1.5}{\376\377\116\272\142\115\210\145\215\064\116\016\126\355\123\072\133\165\123\026\157\300\122\261}{subsection.6.1}% 86
\BOOKMARK [3][-]{subsubsection.6.1.6}{\376\377\145\077\173\126\165\063\213\367\116\016\142\147\210\114}{subsection.6.1}% 87
\BOOKMARK [3][-]{subsubsection.6.1.7}{\376\377\145\077\173\126\220\002\221\115\140\047\122\006\147\220}{subsection.6.1}% 88
\BOOKMARK [3][-]{subsubsection.6.1.8}{\376\377\116\016\154\137\202\317\060\001\155\131\154\137\060\001\116\012\155\167\166\204\167\001\176\247\145\077\173\126\133\371\153\324}{subsection.6.1}% 89
\BOOKMARK [2][-]{subsection.6.2}{\376\377\136\002\176\247\145\077\173\126}{section.6}% 90
\BOOKMARK [3][-]{subsubsection.6.2.1}{\376\377\155\361\127\063\136\002\176\247\145\077\173\126}{subsection.6.2}% 91
\BOOKMARK [3][-]{subsubsection.6.2.2}{\376\377\136\177\135\336\136\002\176\247\145\077\173\126}{subsection.6.2}% 92
\BOOKMARK [2][-]{subsection.6.3}{\376\377\126\375\226\105\145\077\173\126\133\371\153\324}{section.6}% 93
\BOOKMARK [3][-]{subsubsection.6.3.1}{\376\377\142\030\165\145\220\073\217\221\377\032\116\316\000"\136\002\127\072\145\057\144\221\000"\122\060\000"\133\211\121\150\116\016\227\347\140\047\000"}{subsection.6.3}% 94
\BOOKMARK [3][-]{subsubsection.6.3.2}{\376\377\121\163\225\056\176\364\136\246\133\371\153\324}{subsection.6.3}% 95
\BOOKMARK [3][-]{subsubsection.6.3.3}{\376\377\136\177\116\034\145\077\173\126\117\030\123\026\136\372\213\256}{subsection.6.3}% 96
\BOOKMARK [1][-]{section.7}{\376\377\176\323\213\272\116\016\136\372\213\256}{}% 97
\BOOKMARK [2][-]{subsection.7.1}{\376\377\116\073\211\201\123\321\163\260}{section.7}% 98
\BOOKMARK [2][-]{subsection.7.2}{\376\377\145\077\173\126\136\372\213\256}{section.7}% 99
\BOOKMARK [2][-]{subsection.7.3}{\376\377\147\052\147\145\170\024\172\166\145\271\124\021}{section.7}% 100
\BOOKMARK [1][-]{section.8}{\376\377\123\302\200\003\215\104\145\231}{}% 101
