\BOOKMARK [1][-]{section.1}{\376\377\116\000\060\001\210\114\116\032\151\202\217\360}{}% 1
\BOOKMARK [2][-]{subsection.1.1}{\376\377\0001\000.\0001\000\040\210\114\116\032\133\232\116\111\116\016\122\006\174\173}{section.1}% 2
\BOOKMARK [2][-]{subsection.1.2}{\376\377\0001\000.\0002\000\040\210\114\116\032\150\070\137\303\162\171\137\201}{section.1}% 3
\BOOKMARK [2][-]{subsection.1.3}{\376\377\0001\000.\0003\000\040\210\114\116\032\116\247\116\032\224\376\176\323\147\204}{section.1}% 4
\BOOKMARK [1][-]{section.2}{\376\377\116\214\060\001\210\114\116\032\123\321\134\125\163\257\130\203\122\006\147\220}{}% 5
\BOOKMARK [2][-]{subsection.2.1}{\376\377\0002\000.\0001\000\040\145\077\173\126\163\257\130\203\122\006\147\220}{section.2}% 6
\BOOKMARK [2][-]{subsection.2.2}{\376\377\0002\000.\0002\000\040\176\317\155\116\163\257\130\203\122\006\147\220}{section.2}% 7
\BOOKMARK [2][-]{subsection.2.3}{\376\377\0002\000.\0003\000\040\171\076\117\032\163\257\130\203\122\006\147\220}{section.2}% 8
\BOOKMARK [2][-]{subsection.2.4}{\376\377\0002\000.\0004\000\040\142\200\147\057\163\257\130\203\122\006\147\220}{section.2}% 9
\BOOKMARK [1][-]{section.3}{\376\377\116\011\060\001\210\114\116\032\123\321\134\125\163\260\162\266\116\016\136\002\127\072\211\304\152\041\122\006\147\220}{}% 10
\BOOKMARK [2][-]{subsection.3.1}{\376\377\0003\000.\0001\000\040\210\114\116\032\123\321\134\125\123\206\172\013}{section.3}% 11
\BOOKMARK [2][-]{subsection.3.2}{\376\377\0003\000.\0002\000\040\136\002\127\072\117\233\227\000\140\305\121\265}{section.3}% 12
\BOOKMARK [2][-]{subsection.3.3}{\376\377\0003\000.\0003\000\040\210\114\116\032\136\002\127\072\211\304\152\041}{section.3}% 13
\BOOKMARK [2][-]{subsection.3.4}{\376\377\0003\000.\0004\000\040\210\114\116\032\166\310\122\051\154\064\136\163}{section.3}% 14
\BOOKMARK [1][-]{section.4}{\376\377\126\333\060\001\210\114\116\032\172\336\116\211\150\074\134\100\122\006\147\220}{}% 15
\BOOKMARK [2][-]{subsection.4.1}{\376\377\0004\000.\0001\000\040\210\114\116\032\172\336\116\211\140\001\122\277}{section.4}% 16
\BOOKMARK [2][-]{subsection.4.2}{\376\377\0004\000.\0002\000\040\131\064\220\350\150\007\147\106\117\001\116\032\122\006\147\220}{section.4}% 17
\BOOKMARK [2][-]{subsection.4.3}{\376\377\0004\000.\0003\000\040\210\114\116\032\172\336\116\211\130\301\127\222\122\006\147\220}{section.4}% 18
\BOOKMARK [1][-]{section.5}{\376\377\116\224\060\001\210\114\116\032\116\013\156\070\136\224\165\050\127\072\146\157\122\006\147\220}{}% 19
\BOOKMARK [1][-]{section.6}{\376\377\121\155\060\001\210\114\116\032\133\130\127\050\166\204\225\356\230\230\116\016\230\316\226\151\143\021\142\030}{}% 20
\BOOKMARK [2][-]{subsection.6.1}{\376\377\0006\000.\0001\000\040\210\114\116\032\123\321\134\125\165\333\160\271\225\356\230\230}{section.6}% 21
\BOOKMARK [2][-]{subsection.6.2}{\376\377\0006\000.\0002\000\040\210\114\116\032\230\316\226\151\170\024\122\044}{section.6}% 22
\BOOKMARK [1][-]{section.7}{\376\377\116\003\060\001\210\114\116\032\123\321\134\125\215\213\122\277\116\016\122\115\146\157\134\125\147\033}{}% 23
\BOOKMARK [1][-]{section.8}{\376\377\121\153\060\001\170\024\172\166\176\323\213\272\116\016\123\321\134\125\136\372\213\256}{}% 24
\BOOKMARK [2][-]{subsection.8.1}{\376\377\0008\000.\0001\000\040\170\024\172\166\176\323\213\272}{section.8}% 25
\BOOKMARK [2][-]{subsection.8.2}{\376\377\0008\000.\0002\000\040\123\321\134\125\136\372\213\256}{section.8}% 26
