\BOOKMARK [1][-]{section.1}{\376\377\000I\000n\000t\000r\000o\000d\000u\000c\000t\000i\000o\000n}{}% 1
\BOOKMARK [2][-]{subsection.1.1}{\376\377\000B\000a\000c\000k\000g\000r\000o\000u\000n\000d\000\040\000a\000n\000d\000\040\000S\000i\000g\000n\000i\000f\000i\000c\000a\000n\000c\000e}{section.1}% 2
\BOOKMARK [2][-]{subsection.1.2}{\376\377\000O\000b\000j\000e\000c\000t\000i\000v\000e\000s\000\040\000a\000n\000d\000\040\000M\000e\000t\000h\000o\000d\000o\000l\000o\000g\000y}{section.1}% 3
\BOOKMARK [2][-]{subsection.1.3}{\376\377\000R\000e\000p\000o\000r\000t\000\040\000S\000t\000r\000u\000c\000t\000u\000r\000e}{section.1}% 4
\BOOKMARK [1][-]{section.2}{\376\377\000B\000a\000s\000i\000c\000\040\000D\000a\000t\000a\000\040\000M\000i\000n\000i\000n\000g\000\040\000a\000n\000d\000\040\000S\000o\000r\000t\000i\000n\000g}{}% 5
\BOOKMARK [2][-]{subsection.2.1}{\376\377\000E\000n\000t\000e\000r\000p\000r\000i\000s\000e\000\040\000D\000i\000r\000e\000c\000t\000o\000r\000y}{section.2}% 6
\BOOKMARK [2][-]{subsection.2.2}{\376\377\000O\000u\000t\000p\000u\000t\000\040\000D\000a\000t\000a\000\040\000\050\0002\0000\0002\0003\040\023\0002\0000\0002\0005\000\051}{section.2}% 7
\BOOKMARK [2][-]{subsection.2.3}{\376\377\000I\000n\000d\000u\000s\000t\000r\000i\000a\000l\000\040\000F\000o\000u\000n\000d\000a\000t\000i\000o\000n\000\040\000a\000n\000d\000\040\000S\000u\000p\000p\000o\000r\000t\000i\000n\000g\000\040\000F\000a\000c\000i\000l\000i\000t\000i\000e\000s}{section.2}% 8
\BOOKMARK [1][-]{section.3}{\376\377\000I\000n\000d\000u\000s\000t\000r\000y\000\040\000P\000r\000o\000f\000i\000l\000e}{}% 9
\BOOKMARK [2][-]{subsection.3.1}{\376\377\000S\000c\000a\000l\000e\000\040\000C\000h\000a\000r\000a\000c\000t\000e\000r\000i\000s\000t\000i\000c\000s}{section.3}% 10
\BOOKMARK [2][-]{subsection.3.2}{\376\377\000S\000t\000r\000u\000c\000t\000u\000r\000a\000l\000\040\000C\000h\000a\000r\000a\000c\000t\000e\000r\000i\000s\000t\000i\000c\000s}{section.3}% 11
\BOOKMARK [2][-]{subsection.3.3}{\376\377\000D\000e\000v\000e\000l\000o\000p\000m\000e\000n\000t\000\040\000T\000r\000e\000n\000d\000s\000\040\000\050\0002\0000\0002\0003\040\023\0002\0000\0002\0005\000\051}{section.3}% 12
\BOOKMARK [3][-]{subsubsection.3.3.1}{\376\377\000G\000r\000o\000w\000t\000h\000\040\000T\000r\000a\000j\000e\000c\000t\000o\000r\000y\000\040\000a\000n\000d\000\040\000C\000y\000c\000l\000i\000c\000a\000l\000\040\000R\000e\000s\000i\000l\000i\000e\000n\000c\000e}{subsection.3.3}% 13
\BOOKMARK [3][-]{subsubsection.3.3.2}{\376\377\000T\000e\000c\000h\000n\000o\000l\000o\000g\000y\000\040\000E\000v\000o\000l\000u\000t\000i\000o\000n\000\040\000a\000n\000d\000\040\000I\000t\000e\000r\000a\000t\000i\000o\000n}{subsection.3.3}% 14
\BOOKMARK [3][-]{subsubsection.3.3.3}{\376\377\000K\000e\000y\000\040\000P\000a\000i\000n\000\040\000P\000o\000i\000n\000t\000s}{subsection.3.3}% 15
\BOOKMARK [2][-]{subsection.3.4}{\376\377\000K\000e\000y\000\040\000I\000n\000d\000i\000c\000a\000t\000o\000r\000\040\000F\000r\000a\000m\000e\000w\000o\000r\000k}{section.3}% 16
\BOOKMARK [3][-]{subsubsection.3.4.1}{\376\377\000C\000o\000r\000e\000\040\000I\000n\000d\000i\000c\000a\000t\000o\000r\000\040\000T\000r\000e\000n\000d\000s\000\040\000\050\0002\0000\0002\0003\040\023\0002\0000\0002\0005\000\051}{subsection.3.4}% 17
\BOOKMARK [3][-]{subsubsection.3.4.2}{\376\377\000C\000o\000r\000r\000e\000l\000a\000t\000i\000o\000n\000\040\000A\000n\000a\000l\000y\000s\000i\000s\000:\000\040\000H\000i\000g\000h\000\040\000I\000n\000p\000u\000t\000\040\000\040\000S\000t\000r\000o\000n\000g\000\040\000O\000u\000t\000p\000u\000t\000\040\000\040\000R\000a\000p\000i\000d\000\040\000C\000o\000n\000v\000e\000r\000s\000i\000o\000n}{subsection.3.4}% 18
\BOOKMARK [3][-]{subsubsection.3.4.3}{\376\377\000T\000e\000c\000h\000n\000o\000l\000o\000g\000y\000\040\000M\000a\000t\000u\000r\000i\000t\000y\000\040\000b\000y\000\040\000S\000e\000g\000m\000e\000n\000t}{subsection.3.4}% 19
\BOOKMARK [3][-]{subsubsection.3.4.4}{\376\377\000M\000a\000r\000k\000e\000t\000\040\000D\000e\000m\000a\000n\000d\000\040\000S\000t\000r\000u\000c\000t\000u\000r\000e}{subsection.3.4}% 20
\BOOKMARK [2][-]{subsection.3.5}{\376\377\000M\000a\000r\000k\000e\000t\000\040\000S\000t\000r\000u\000c\000t\000u\000r\000e\000\040\000a\000n\000d\000\040\000C\000o\000n\000c\000e\000n\000t\000r\000a\000t\000i\000o\000n}{section.3}% 21
\BOOKMARK [3][-]{subsubsection.3.5.1}{\376\377\000M\000a\000r\000k\000e\000t\000\040\000C\000o\000n\000c\000e\000n\000t\000r\000a\000t\000i\000o\000n\000\040\000\050\000C\000R\0005\000/\000C\000R\0001\0000\000/\000C\000R\0003\0000\000\051}{subsection.3.5}% 22
\BOOKMARK [3][-]{subsubsection.3.5.2}{\376\377\000E\000n\000t\000e\000r\000p\000r\000i\000s\000e\000\040\000S\000c\000a\000l\000e\000\040\000S\000t\000r\000u\000c\000t\000u\000r\000e}{subsection.3.5}% 23
\BOOKMARK [3][-]{subsubsection.3.5.3}{\376\377\000O\000w\000n\000e\000r\000s\000h\000i\000p\000\040\000S\000t\000r\000u\000c\000t\000u\000r\000e}{subsection.3.5}% 24
\BOOKMARK [3][-]{subsubsection.3.5.4}{\376\377\000R\000e\000g\000i\000o\000n\000a\000l\000\040\000C\000a\000p\000i\000t\000a\000l\000\040\000C\000o\000n\000c\000e\000n\000t\000r\000a\000t\000i\000o\000n}{subsection.3.5}% 25
\BOOKMARK [1][-]{section.4}{\376\377\000T\000a\000l\000e\000n\000t\000\040\000P\000r\000o\000f\000i\000l\000e}{}% 26
\BOOKMARK [2][-]{subsection.4.1}{\376\377\000T\000a\000l\000e\000n\000t\000\040\000S\000c\000a\000l\000e\000\040\000a\000n\000d\000\040\000C\000o\000m\000p\000o\000s\000i\000t\000i\000o\000n}{section.4}% 27
\BOOKMARK [3][-]{subsubsection.4.1.1}{\376\377\000O\000v\000e\000r\000a\000l\000l\000\040\000T\000a\000l\000e\000n\000t\000\040\000S\000c\000a\000l\000e\000\040\000a\000n\000d\000\040\000I\000n\000d\000u\000s\000t\000r\000i\000a\000l\000\040\000D\000i\000s\000t\000r\000i\000b\000u\000t\000i\000o\000n}{subsection.4.1}% 28
\BOOKMARK [3][-]{subsubsection.4.1.2}{\376\377\000R\000e\000g\000i\000o\000n\000a\000l\000\040\000T\000a\000l\000e\000n\000t\000\040\000L\000a\000y\000o\000u\000t}{subsection.4.1}% 29
\BOOKMARK [3][-]{subsubsection.4.1.3}{\376\377\000E\000d\000u\000c\000a\000t\000i\000o\000n\000a\000l\000\040\000B\000a\000c\000k\000g\000r\000o\000u\000n\000d\000\040\000S\000t\000r\000u\000c\000t\000u\000r\000e}{subsection.4.1}% 30
\BOOKMARK [3][-]{subsubsection.4.1.4}{\376\377\000P\000r\000o\000f\000e\000s\000s\000i\000o\000n\000a\000l\000\040\000T\000i\000t\000l\000e\000\040\000S\000t\000r\000u\000c\000t\000u\000r\000e}{subsection.4.1}% 31
\BOOKMARK [3][-]{subsubsection.4.1.5}{\376\377\000A\000g\000e\000\040\000S\000t\000r\000u\000c\000t\000u\000r\000e}{subsection.4.1}% 32
\BOOKMARK [2][-]{subsection.4.2}{\376\377\000C\000o\000r\000e\000\040\000T\000a\000l\000e\000n\000t\000\040\000D\000e\000m\000a\000n\000d}{section.4}% 33
\BOOKMARK [3][-]{subsubsection.4.2.1}{\376\377\000T\000a\000l\000e\000n\000t\000\040\000D\000e\000m\000a\000n\000d\000\040\000b\000y\000\040\000I\000n\000d\000u\000s\000t\000r\000y\000\040\000C\000a\000t\000e\000g\000o\000r\000y}{subsection.4.2}% 34
\BOOKMARK [3][-]{subsubsection.4.2.2}{\376\377\000D\000e\000m\000a\000n\000d\000\040\000b\000y\000\040\000V\000a\000l\000u\000e\000\040\000C\000h\000a\000i\000n\000\040\000S\000e\000g\000m\000e\000n\000t}{subsection.4.2}% 35
\BOOKMARK [3][-]{subsubsection.4.2.3}{\376\377\000P\000o\000s\000t\000\040\000S\000t\000r\000u\000c\000t\000u\000r\000e\000\040\000a\000n\000d\000\040\000S\000u\000p\000p\000l\000y\000-\000D\000e\000m\000a\000n\000d\000\040\000C\000h\000a\000r\000a\000c\000t\000e\000r\000i\000s\000t\000i\000c\000s}{subsection.4.2}% 36
\BOOKMARK [3][-]{subsubsection.4.2.4}{\376\377\000C\000o\000r\000e\000\040\000S\000k\000i\000l\000l\000s\000\040\000a\000n\000d\000\040\000Q\000u\000a\000l\000i\000f\000i\000c\000a\000t\000i\000o\000n\000s}{subsection.4.2}% 37
\BOOKMARK [3][-]{subsubsection.4.2.5}{\376\377\000E\000x\000p\000e\000r\000i\000e\000n\000c\000e\000\040\000P\000r\000e\000f\000e\000r\000e\000n\000c\000e\000s\000\040\000a\000n\000d\000\040\000R\000e\000c\000r\000u\000i\000t\000m\000e\000n\000t\000\040\000C\000h\000a\000r\000a\000c\000t\000e\000r\000i\000s\000t\000i\000c\000s}{subsection.4.2}% 38
\BOOKMARK [2][-]{subsection.4.3}{\376\377\000T\000a\000l\000e\000n\000t\000\040\000D\000i\000s\000t\000r\000i\000b\000u\000t\000i\000o\000n\000\040\000a\000n\000d\000\040\000M\000o\000b\000i\000l\000i\000t\000y}{section.4}% 39
\BOOKMARK [3][-]{subsubsection.4.3.1}{\376\377\000S\000p\000a\000t\000i\000a\000l\000\040\000C\000o\000n\000c\000e\000n\000t\000r\000a\000t\000i\000o\000n\000\040\000a\000n\000d\000\040\000N\000a\000t\000i\000o\000n\000a\000l\000\040\000C\000o\000n\000t\000e\000x\000t}{subsection.4.3}% 40
\BOOKMARK [3][-]{subsubsection.4.3.2}{\376\377\000I\000n\000t\000r\000a\000-\000P\000r\000o\000v\000i\000n\000c\000i\000a\000l\000\040\000M\000o\000b\000i\000l\000i\000t\000y\000\040\000P\000a\000t\000t\000e\000r\000n\000s}{subsection.4.3}% 41
\BOOKMARK [3][-]{subsubsection.4.3.3}{\376\377\000G\000o\000v\000e\000r\000n\000m\000e\000n\000t\000\040\000T\000a\000l\000e\000n\000t\000\040\000A\000t\000t\000r\000a\000c\000t\000i\000o\000n\000\040\000I\000n\000i\000t\000i\000a\000t\000i\000v\000e\000s}{subsection.4.3}% 42
\BOOKMARK [3][-]{subsubsection.4.3.4}{\376\377\000U\000n\000i\000v\000e\000r\000s\000i\000t\000y\000\040\000T\000a\000l\000e\000n\000t\000\040\000C\000u\000l\000t\000i\000v\000a\000t\000i\000o\000n\000\040\000a\000n\000d\000\040\000R\000e\000t\000e\000n\000t\000i\000o\000n}{subsection.4.3}% 43
\BOOKMARK [3][-]{subsubsection.4.3.5}{\376\377\000C\000o\000r\000e\000\040\000S\000t\000r\000u\000c\000t\000u\000r\000a\000l\000\040\000P\000r\000o\000b\000l\000e\000m\000s}{subsection.4.3}% 44
\BOOKMARK [2][-]{subsection.4.4}{\376\377\000P\000o\000l\000i\000c\000y\000\040\000A\000l\000i\000g\000n\000m\000e\000n\000t\000\040\000f\000o\000r\000\040\000T\000a\000l\000e\000n\000t}{section.4}% 45
\BOOKMARK [3][-]{subsubsection.4.4.1}{\376\377\000O\000v\000e\000r\000v\000i\000e\000w\000\040\000o\000f\000\040\000t\000h\000e\000\040\000M\000u\000l\000t\000i\000-\000T\000i\000e\000r\000\040\000P\000o\000l\000i\000c\000y\000\040\000S\000y\000s\000t\000e\000m}{subsection.4.4}% 46
\BOOKMARK [3][-]{subsubsection.4.4.2}{\376\377\000P\000o\000l\000i\000c\000y\000\040\000C\000o\000v\000e\000r\000a\000g\000e\000\040\000a\000n\000d\000\040\000A\000d\000a\000p\000t\000a\000b\000i\000l\000i\000t\000y\000\040\000b\000y\000\040\000T\000a\000l\000e\000n\000t\000\040\000C\000a\000t\000e\000g\000o\000r\000y}{subsection.4.4}% 47
\BOOKMARK [3][-]{subsubsection.4.4.3}{\376\377\000T\000a\000l\000e\000n\000t\000\040\000S\000a\000l\000a\000r\000y\000\040\000L\000e\000v\000e\000l\000s}{subsection.4.4}% 48
\BOOKMARK [3][-]{subsubsection.4.4.4}{\376\377\000I\000n\000d\000u\000s\000t\000r\000y\000\040\000C\000o\000m\000p\000e\000t\000i\000t\000i\000v\000e\000n\000e\000s\000s\000\040\000E\000v\000a\000l\000u\000a\000t\000i\000o\000n}{subsection.4.4}% 49
\BOOKMARK [1][-]{section.5}{\376\377\000C\000l\000u\000s\000t\000e\000r\000\040\000C\000o\000m\000p\000e\000t\000i\000t\000i\000v\000e\000n\000e\000s\000s\000\040\000A\000n\000a\000l\000y\000s\000i\000s}{}% 50
\BOOKMARK [2][-]{subsection.5.1}{\376\377\000T\000h\000e\000o\000r\000e\000t\000i\000c\000a\000l\000\040\000F\000o\000u\000n\000d\000a\000t\000i\000o\000n\000s}{section.5}% 51
\BOOKMARK [3][-]{subsubsection.5.1.1}{\376\377\000P\000o\000r\000t\000e\000r\000'\000s\000\040\000D\000i\000a\000m\000o\000n\000d\000\040\000M\000o\000d\000e\000l}{subsection.5.1}% 52
\BOOKMARK [3][-]{subsubsection.5.1.2}{\376\377\000C\000o\000m\000p\000a\000r\000a\000t\000i\000v\000e\000\040\000A\000d\000v\000a\000n\000t\000a\000g\000e\000\040\000T\000h\000e\000o\000r\000y}{subsection.5.1}% 53
\BOOKMARK [2][-]{subsection.5.2}{\376\377\000O\000v\000e\000r\000v\000i\000e\000w\000\040\000o\000f\000\040\000G\000u\000a\000n\000g\000d\000o\000n\000g\000'\000s\000\040\000T\000h\000r\000e\000e\000\040\000C\000o\000r\000e\000\040\000I\000C\000\040\000C\000l\000u\000s\000t\000e\000r\000s}{section.5}% 54
\BOOKMARK [2][-]{subsection.5.3}{\376\377\000S\000h\000e\000n\000z\000h\000e\000n\000\040\000C\000l\000u\000s\000t\000e\000r\000:\000\040\000D\000e\000s\000i\000g\000n\000\040\000a\000n\000d\000\040\000I\000n\000n\000o\000v\000a\000t\000i\000o\000n\000\040\000C\000e\000n\000t\000e\000r}{section.5}% 55
\BOOKMARK [2][-]{subsection.5.4}{\376\377\000G\000u\000a\000n\000g\000z\000h\000o\000u\000\040\000C\000l\000u\000s\000t\000e\000r\000:\000\040\000W\000a\000f\000e\000r\000\040\000M\000a\000n\000u\000f\000a\000c\000t\000u\000r\000i\000n\000g\000\040\000C\000e\000n\000t\000e\000r}{section.5}% 56
\BOOKMARK [2][-]{subsection.5.5}{\376\377\000Z\000h\000u\000h\000a\000i\000\040\000C\000l\000u\000s\000t\000e\000r\000:\000\040\000T\000h\000i\000r\000d\000-\000G\000e\000n\000e\000r\000a\000t\000i\000o\000n\000\040\000S\000e\000m\000i\000c\000o\000n\000d\000u\000c\000t\000o\000r\000\040\000B\000a\000s\000e}{section.5}% 57
\BOOKMARK [2][-]{subsection.5.6}{\376\377\000T\000e\000c\000h\000n\000o\000l\000o\000g\000i\000c\000a\000l\000\040\000I\000n\000n\000o\000v\000a\000t\000i\000o\000n\000\040\000C\000a\000p\000a\000b\000i\000l\000i\000t\000y\000\040\000C\000o\000m\000p\000a\000r\000i\000s\000o\000n}{section.5}% 58
\BOOKMARK [2][-]{subsection.5.7}{\376\377\000I\000n\000d\000u\000s\000t\000r\000i\000a\000l\000\040\000C\000h\000a\000i\000n\000\040\000C\000o\000l\000l\000a\000b\000o\000r\000a\000t\000i\000o\000n}{section.5}% 59
\BOOKMARK [2][-]{subsection.5.8}{\376\377\000P\000r\000o\000v\000i\000n\000c\000i\000a\000l\000\040\000C\000l\000u\000s\000t\000e\000r\000\040\000A\000n\000a\000l\000y\000s\000i\000s\000:\000\040\000D\000i\000a\000m\000o\000n\000d\000\040\000M\000o\000d\000e\000l\000\040\000A\000p\000p\000l\000i\000c\000a\000t\000i\000o\000n}{section.5}% 60
\BOOKMARK [3][-]{subsubsection.5.8.1}{\376\377\000F\000a\000c\000t\000o\000r\000\040\000C\000o\000n\000d\000i\000t\000i\000o\000n\000s}{subsection.5.8}% 61
\BOOKMARK [3][-]{subsubsection.5.8.2}{\376\377\000D\000e\000m\000a\000n\000d\000\040\000C\000o\000n\000d\000i\000t\000i\000o\000n\000s}{subsection.5.8}% 62
\BOOKMARK [3][-]{subsubsection.5.8.3}{\376\377\000R\000e\000l\000a\000t\000e\000d\000\040\000a\000n\000d\000\040\000S\000u\000p\000p\000o\000r\000t\000i\000n\000g\000\040\000I\000n\000d\000u\000s\000t\000r\000i\000e\000s}{subsection.5.8}% 63
\BOOKMARK [3][-]{subsubsection.5.8.4}{\376\377\000F\000i\000r\000m\000\040\000S\000t\000r\000a\000t\000e\000g\000y\000,\000\040\000S\000t\000r\000u\000c\000t\000u\000r\000e\000,\000\040\000a\000n\000d\000\040\000R\000i\000v\000a\000l\000r\000y}{subsection.5.8}% 64
\BOOKMARK [3][-]{subsubsection.5.8.5}{\376\377\000G\000o\000v\000e\000r\000n\000m\000e\000n\000t}{subsection.5.8}% 65
\BOOKMARK [3][-]{subsubsection.5.8.6}{\376\377\000C\000h\000a\000n\000c\000e}{subsection.5.8}% 66
\BOOKMARK [3][-]{subsubsection.5.8.7}{\376\377\000S\000p\000a\000t\000i\000a\000l\000\040\000C\000o\000n\000f\000i\000g\000u\000r\000a\000t\000i\000o\000n\000\040\000S\000u\000m\000m\000a\000r\000y}{subsection.5.8}% 67
\BOOKMARK [2][-]{subsection.5.9}{\376\377\000D\000o\000m\000e\000s\000t\000i\000c\000\040\000B\000e\000n\000c\000h\000m\000a\000r\000k\000i\000n\000g}{section.5}% 68
\BOOKMARK [3][-]{subsubsection.5.9.1}{\376\377\000I\000n\000d\000u\000s\000t\000r\000i\000a\000l\000\040\000S\000c\000a\000l\000e\000\040\000a\000n\000d\000\040\000S\000t\000r\000u\000c\000t\000u\000r\000e}{subsection.5.9}% 69
\BOOKMARK [3][-]{subsubsection.5.9.2}{\376\377\000I\000n\000d\000u\000s\000t\000r\000i\000a\000l\000\040\000C\000h\000a\000i\000n\000\040\000C\000o\000m\000p\000l\000e\000t\000e\000n\000e\000s\000s}{subsection.5.9}% 70
\BOOKMARK [3][-]{subsubsection.5.9.3}{\376\377\000T\000a\000l\000e\000n\000t\000\040\000P\000o\000o\000l\000\040\000a\000n\000d\000\040\000S\000c\000i\000e\000n\000t\000i\000f\000i\000c\000\040\000R\000e\000s\000e\000a\000r\000c\000h}{subsection.5.9}% 71
\BOOKMARK [3][-]{subsubsection.5.9.4}{\376\377\000G\000u\000a\000n\000g\000d\000o\000n\000g\000'\000s\000\040\000C\000o\000m\000p\000e\000t\000i\000t\000i\000v\000e\000\040\000A\000d\000v\000a\000n\000t\000a\000g\000e\000s\000\040\000a\000n\000d\000\040\000D\000e\000f\000i\000c\000i\000e\000n\000c\000i\000e\000s}{subsection.5.9}% 72
\BOOKMARK [2][-]{subsection.5.10}{\376\377\000I\000n\000t\000e\000r\000n\000a\000t\000i\000o\000n\000a\000l\000\040\000B\000e\000n\000c\000h\000m\000a\000r\000k\000i\000n\000g}{section.5}% 73
\BOOKMARK [3][-]{subsubsection.5.10.1}{\376\377\000G\000l\000o\000b\000a\000l\000\040\000C\000o\000m\000p\000a\000r\000i\000s\000o\000n\000\040\000O\000v\000e\000r\000v\000i\000e\000w}{subsection.5.10}% 74
\BOOKMARK [3][-]{subsubsection.5.10.2}{\376\377\000U\000n\000i\000t\000e\000d\000\040\000S\000t\000a\000t\000e\000s}{subsection.5.10}% 75
\BOOKMARK [3][-]{subsubsection.5.10.3}{\376\377\000G\000e\000r\000m\000a\000n\000y}{subsection.5.10}% 76
\BOOKMARK [3][-]{subsubsection.5.10.4}{\376\377\000J\000a\000p\000a\000n}{subsection.5.10}% 77
\BOOKMARK [3][-]{subsubsection.5.10.5}{\376\377\000L\000e\000s\000s\000o\000n\000s\000\040\000f\000o\000r\000\040\000G\000u\000a\000n\000g\000d\000o\000n\000g}{subsection.5.10}% 78
\BOOKMARK [2][-]{subsection.5.11}{\376\377\000S\000W\000O\000T\000\040\000S\000u\000m\000m\000a\000r\000y}{section.5}% 79
\BOOKMARK [1][-]{section.6}{\376\377\000S\000u\000p\000p\000o\000r\000t\000i\000n\000g\000\040\000P\000o\000l\000i\000c\000y\000\040\000R\000e\000v\000i\000e\000w}{}% 80
\BOOKMARK [2][-]{subsection.6.1}{\376\377\000P\000r\000o\000v\000i\000n\000c\000i\000a\000l\000-\000L\000e\000v\000e\000l\000\040\000P\000o\000l\000i\000c\000i\000e\000s}{section.6}% 81
\BOOKMARK [3][-]{subsubsection.6.1.1}{\376\377\000R\000\046\000D\000\040\000S\000u\000b\000s\000i\000d\000y\000\040\000P\000o\000l\000i\000c\000i\000e\000s}{subsection.6.1}% 82
\BOOKMARK [3][-]{subsubsection.6.1.2}{\376\377\000T\000a\000x\000\040\000R\000e\000d\000u\000c\000t\000i\000o\000n\000\040\000\046\000\040\000E\000x\000e\000m\000p\000t\000i\000o\000n\000\040\000I\000n\000c\000e\000n\000t\000i\000v\000e\000s}{subsection.6.1}% 83
\BOOKMARK [3][-]{subsubsection.6.1.3}{\376\377\000L\000a\000n\000d\000\040\000R\000e\000s\000o\000u\000r\000c\000e\000\040\000S\000u\000p\000p\000o\000r\000t\000\040\000P\000o\000l\000i\000c\000i\000e\000s}{subsection.6.1}% 84
\BOOKMARK [3][-]{subsubsection.6.1.4}{\376\377\000F\000i\000n\000a\000n\000c\000i\000n\000g\000\040\000P\000r\000e\000f\000e\000r\000e\000n\000t\000i\000a\000l\000\040\000P\000o\000l\000i\000c\000i\000e\000s}{subsection.6.1}% 85
\BOOKMARK [3][-]{subsubsection.6.1.5}{\376\377\000T\000a\000l\000e\000n\000t\000\040\000S\000u\000b\000s\000i\000d\000y\000\040\000\046\000\040\000P\000a\000r\000k\000\040\000I\000n\000c\000u\000b\000a\000t\000i\000o\000n\000\040\000I\000n\000c\000e\000n\000t\000i\000v\000e\000s}{subsection.6.1}% 86
\BOOKMARK [3][-]{subsubsection.6.1.6}{\376\377\000P\000o\000l\000i\000c\000y\000\040\000A\000p\000p\000l\000i\000c\000a\000t\000i\000o\000n\000\040\000a\000n\000d\000\040\000I\000m\000p\000l\000e\000m\000e\000n\000t\000a\000t\000i\000o\000n}{subsection.6.1}% 87
\BOOKMARK [3][-]{subsubsection.6.1.7}{\376\377\000P\000o\000l\000i\000c\000y\000\040\000A\000d\000a\000p\000t\000a\000b\000i\000l\000i\000t\000y\000\040\000A\000n\000a\000l\000y\000s\000i\000s}{subsection.6.1}% 88
\BOOKMARK [3][-]{subsubsection.6.1.8}{\376\377\000P\000r\000o\000v\000i\000n\000c\000i\000a\000l\000\040\000P\000o\000l\000i\000c\000y\000\040\000C\000o\000m\000p\000a\000r\000i\000s\000o\000n\000\040\000w\000i\000t\000h\000\040\000J\000i\000a\000n\000g\000s\000u\000,\000\040\000Z\000h\000e\000j\000i\000a\000n\000g\000,\000\040\000a\000n\000d\000\040\000S\000h\000a\000n\000g\000h\000a\000i}{subsection.6.1}% 89
\BOOKMARK [2][-]{subsection.6.2}{\376\377\000M\000u\000n\000i\000c\000i\000p\000a\000l\000\040\000P\000o\000l\000i\000c\000i\000e\000s}{section.6}% 90
\BOOKMARK [3][-]{subsubsection.6.2.1}{\376\377\000S\000h\000e\000n\000z\000h\000e\000n\000\040\000M\000u\000n\000i\000c\000i\000p\000a\000l\000\040\000P\000o\000l\000i\000c\000i\000e\000s}{subsection.6.2}% 91
\BOOKMARK [3][-]{subsubsection.6.2.2}{\376\377\000G\000u\000a\000n\000g\000z\000h\000o\000u\000\040\000M\000u\000n\000i\000c\000i\000p\000a\000l\000\040\000P\000o\000l\000i\000c\000i\000e\000s}{subsection.6.2}% 92
\BOOKMARK [2][-]{subsection.6.3}{\376\377\000I\000n\000t\000e\000r\000n\000a\000t\000i\000o\000n\000a\000l\000\040\000P\000o\000l\000i\000c\000y\000\040\000C\000o\000m\000p\000a\000r\000i\000s\000o\000n}{section.6}% 93
\BOOKMARK [3][-]{subsubsection.6.3.1}{\376\377\000S\000t\000r\000a\000t\000e\000g\000i\000c\000\040\000L\000o\000g\000i\000c\000:\000\040\000F\000r\000o\000m\000\040\000`\000`\000M\000a\000r\000k\000e\000t\000\040\000S\000u\000p\000p\000o\000r\000t\000'\000'\000\040\000t\000o\000\040\000`\000`\000S\000e\000c\000u\000r\000i\000t\000y\000\040\000\046\000\040\000R\000e\000s\000i\000l\000i\000e\000n\000c\000e\000'\000'}{subsection.6.3}% 94
\BOOKMARK [3][-]{subsubsection.6.3.2}{\376\377\000D\000e\000t\000a\000i\000l\000e\000d\000\040\000D\000i\000m\000e\000n\000s\000i\000o\000n\000\040\000C\000o\000m\000p\000a\000r\000i\000s\000o\000n}{subsection.6.3}% 95
\BOOKMARK [3][-]{subsubsection.6.3.3}{\376\377\000P\000o\000l\000i\000c\000y\000\040\000O\000p\000t\000i\000m\000i\000z\000a\000t\000i\000o\000n\000\040\000R\000e\000c\000o\000m\000m\000e\000n\000d\000a\000t\000i\000o\000n\000s\000\040\000f\000o\000r\000\040\000G\000u\000a\000n\000g\000d\000o\000n\000g}{subsection.6.3}% 96
\BOOKMARK [1][-]{section.7}{\376\377\000C\000o\000n\000c\000l\000u\000s\000i\000o\000n\000s\000\040\000a\000n\000d\000\040\000R\000e\000c\000o\000m\000m\000e\000n\000d\000a\000t\000i\000o\000n\000s}{}% 97
\BOOKMARK [2][-]{subsection.7.1}{\376\377\000K\000e\000y\000\040\000F\000i\000n\000d\000i\000n\000g\000s}{section.7}% 98
\BOOKMARK [2][-]{subsection.7.2}{\376\377\000P\000o\000l\000i\000c\000y\000\040\000R\000e\000c\000o\000m\000m\000e\000n\000d\000a\000t\000i\000o\000n\000s}{section.7}% 99
\BOOKMARK [2][-]{subsection.7.3}{\376\377\000F\000u\000t\000u\000r\000e\000\040\000R\000e\000s\000e\000a\000r\000c\000h\000\040\000D\000i\000r\000e\000c\000t\000i\000o\000n\000s}{section.7}% 100
\BOOKMARK [1][-]{section.8}{\376\377\000D\000a\000t\000a\000\040\000S\000o\000u\000r\000c\000e\000s}{}% 101
