This is XeTeX, Version 3.141592653-2.6-0.999998 (TeX Live 2026) (preloaded format=xelatex 2026.4.28)  7 JUN 2026 22:42
entering extended mode
 restricted \write18 enabled.
 file:line:error style messages enabled.
 %&-line parsing enabled.
**/Users/langran/LocalFiles/课堂笔记/管理学/project_research_report/output/research_framework_en
(/Users/langran/LocalFiles/课堂笔记/管理学/project_research_report/output/research_framework_en.tex
LaTeX2e <2025-11-01>
L3 programming layer <2026-03-20>
(/usr/local/texlive/2026basic/texmf-dist/tex/latex/base/article.cls
Document Class: article 2025/01/22 v1.4n Standard LaTeX document class
(/usr/local/texlive/2026basic/texmf-dist/tex/latex/base/size12.clo
File: size12.clo 2025/01/22 v1.4n Standard LaTeX file (size option)
)
\c@part=\count271
\c@section=\count272
\c@subsection=\count273
\c@subsubsection=\count274
\c@paragraph=\count275
\c@subparagraph=\count276
\c@figure=\count277
\c@table=\count278
\abovecaptionskip=\skip49
\belowcaptionskip=\skip50
\bibindent=\dimen150
) (/usr/local/texlive/2026basic/texmf-dist/tex/latex/geometry/geometry.sty
Package: geometry 2026/03/07 v6.0 Page Geometry
 (/usr/local/texlive/2026basic/texmf-dist/tex/latex/graphics/keyval.sty
Package: keyval 2022/05/29 v1.15 key=value parser (DPC)
\KV@toks@=\toks17
) (/usr/local/texlive/2026basic/texmf-dist/tex/generic/iftex/ifvtex.sty
Package: ifvtex 2019/10/25 v1.7 ifvtex legacy package. Use iftex instead.
 (/usr/local/texlive/2026basic/texmf-dist/tex/generic/iftex/iftex.sty
Package: iftex 2024/12/12 v1.0g TeX engine tests
))
\Gm@cnth=\count279
\Gm@cntv=\count280
\c@Gm@tempcnt=\count281
\Gm@bindingoffset=\dimen151
\Gm@wd@mp=\dimen152
\Gm@odd@mp=\dimen153
\Gm@even@mp=\dimen154
\Gm@layoutwidth=\dimen155
\Gm@layoutheight=\dimen156
\Gm@layouthoffset=\dimen157
\Gm@layoutvoffset=\dimen158
\Gm@dimlist=\toks18
) (/usr/local/texlive/2026basic/texmf-dist/tex/latex/setspace/setspace.sty
Package: setspace 2022/12/04 v6.7b set line spacing
) (/usr/local/texlive/2026basic/texmf-dist/tex/latex/fontspec/fontspec.sty (/usr/local/texlive/2026basic/texmf-dist/tex/latex/l3packages/xparse/xparse.sty (/usr/local/texlive/2026basic/texmf-dist/tex/latex/l3kernel/expl3.sty
Package: expl3 2026-03-20 L3 programming layer (loader) 
 (/usr/local/texlive/2026basic/texmf-dist/tex/latex/l3backend/l3backend-xetex.def
File: l3backend-xetex.def 2026-02-18 L3 backend support: XeTeX
\g__graphics_track_int=\count282
\g__pdfannot_backend_int=\count283
\g__pdfannot_backend_link_int=\count284
))
Package: xparse 2025-10-09 L3 Experimental document command parser
)
Package: fontspec 2025/09/29 v2.9g Font selection for XeLaTeX and LuaLaTeX
 (/usr/local/texlive/2026basic/texmf-dist/tex/latex/fontspec/fontspec-xetex.sty
Package: fontspec-xetex 2025/09/29 v2.9g Font selection for XeLaTeX and LuaLaTeX
\l__fontspec_script_int=\count285
\l__fontspec_language_int=\count286
\l__fontspec_strnum_int=\count287
\l__fontspec_tmp_int=\count288
\l__fontspec_tmpa_int=\count289
\l__fontspec_tmpb_int=\count290
\l__fontspec_tmpc_int=\count291
\l__fontspec_em_int=\count292
\l__fontspec_emdef_int=\count293
\l__fontspec_strong_int=\count294
\l__fontspec_strongdef_int=\count295
\l__fontspec_tmpa_dim=\dimen159
\l__fontspec_tmpb_dim=\dimen160
\l__fontspec_tmpc_dim=\dimen161
 (/usr/local/texlive/2026basic/texmf-dist/tex/latex/base/fontenc.sty
Package: fontenc 2025/07/18 v2.1d Standard LaTeX package
) (/usr/local/texlive/2026basic/texmf-dist/tex/latex/fontspec/fontspec.cfg)))

Package fontspec Info: 
(fontspec)             Font family 'TimesNewRoman(0)' created for font 'Times
(fontspec)             New Roman' with options [Ligatures=TeX].
(fontspec)              
(fontspec)              This font family consists of the following NFSS
(fontspec)             series/shapes:
(fontspec)              
(fontspec)             - 'normal' (m/n) with NFSS spec.: <->"Times New
(fontspec)             Roman/OT:script=latn;language=dflt;mapping=tex-text;"
(fontspec)             - 'bold' (b/n) with NFSS spec.: <->"Times New
(fontspec)             Roman/B/OT:script=latn;language=dflt;mapping=tex-text;"
(fontspec)             - 'italic' (m/it) with NFSS spec.: <->"Times New
(fontspec)             Roman/I/OT:script=latn;language=dflt;mapping=tex-text;"
(fontspec)             - 'bold italic' (b/it) with NFSS spec.: <->"Times New
(fontspec)             Roman/BI/OT:script=latn;language=dflt;mapping=tex-text;"


Package fontspec Info: 
(fontspec)             Font family 'Arial(0)' created for font 'Arial' with
(fontspec)             options [Ligatures=TeX].
(fontspec)              
(fontspec)              This font family consists of the following NFSS
(fontspec)             series/shapes:
(fontspec)              
(fontspec)             - 'normal' (m/n) with NFSS spec.:
(fontspec)             <->"Arial/OT:script=latn;language=dflt;mapping=tex-text;"
(fontspec)             - 'bold' (b/n) with NFSS spec.:
(fontspec)             <->"Arial/B/OT:script=latn;language=dflt;mapping=tex-text;"
(fontspec)             - 'italic' (m/it) with NFSS spec.:
(fontspec)             <->"Arial/I/OT:script=latn;language=dflt;mapping=tex-text;"
(fontspec)             - 'bold italic' (b/it) with NFSS spec.:
(fontspec)             <->"Arial/BI/OT:script=latn;language=dflt;mapping=tex-text;"


Package fontspec Info: 
(fontspec)             Font family 'CourierNew(0)' created for font 'Courier
(fontspec)             New' with options
(fontspec)             [WordSpace={1,0,0},HyphenChar=None,PunctuationSpace=WordSpace].
(fontspec)              
(fontspec)              This font family consists of the following NFSS
(fontspec)             series/shapes:
(fontspec)              
(fontspec)             - 'normal' (m/n) with NFSS spec.: <->"Courier
(fontspec)             New/OT:script=latn;language=dflt;"
(fontspec)             - 'bold' (b/n) with NFSS spec.: <->"Courier
(fontspec)             New/B/OT:script=latn;language=dflt;"
(fontspec)             - 'italic' (m/it) with NFSS spec.: <->"Courier
(fontspec)             New/I/OT:script=latn;language=dflt;"
(fontspec)             - 'bold italic' (b/it) with NFSS spec.: <->"Courier
(fontspec)             New/BI/OT:script=latn;language=dflt;"

 (/usr/local/texlive/2026basic/texmf-dist/tex/xelatex/xecjk/xeCJK.sty
Package: xeCJK 2022/08/05 v3.9.1 Typesetting CJK scripts with XeLaTeX
 (/usr/local/texlive/2026basic/texmf-dist/tex/latex/ctex/ctexhook.sty
Package: ctexhook 2022/07/14 v2.5.10 Document and package hooks (CTEX)
) (/usr/local/texlive/2026basic/texmf-dist/tex/latex/l3packages/xtemplate/xtemplate.sty
Package: xtemplate 2025-10-09 L3 Experimental prototype document functions
)
\l__xeCJK_tmp_int=\count296
\l__xeCJK_tmp_box=\box53
\l__xeCJK_tmp_dim=\dimen162
\l__xeCJK_tmp_skip=\skip51
\g__xeCJK_space_factor_int=\count297
\l__xeCJK_begin_int=\count298
\l__xeCJK_end_int=\count299
\c__xeCJK_CJK_class_int=\XeTeXcharclass1
\c__xeCJK_FullLeft_class_int=\XeTeXcharclass2
\c__xeCJK_FullRight_class_int=\XeTeXcharclass3
\c__xeCJK_HalfLeft_class_int=\XeTeXcharclass4
\c__xeCJK_HalfRight_class_int=\XeTeXcharclass5
\c__xeCJK_NormalSpace_class_int=\XeTeXcharclass6
\c__xeCJK_CM_class_int=\XeTeXcharclass7
\c__xeCJK_HangulJamo_class_int=\XeTeXcharclass8
\l__xeCJK_last_skip=\skip52
\c__xeCJK_none_node=\count300
\g__xeCJK_node_int=\count301
\c__xeCJK_CJK_node_dim=\dimen163
\c__xeCJK_CJK-space_node_dim=\dimen164
\c__xeCJK_default_node_dim=\dimen165
\c__xeCJK_CJK-widow_node_dim=\dimen166
\c__xeCJK_normalspace_node_dim=\dimen167
\c__xeCJK_default-space_node_skip=\skip53
\l__xeCJK_ccglue_skip=\skip54
\l__xeCJK_ecglue_skip=\skip55
\l__xeCJK_punct_kern_skip=\skip56
\l__xeCJK_indent_box=\box54
\l__xeCJK_last_penalty_int=\count302
\l__xeCJK_last_bound_dim=\dimen168
\l__xeCJK_last_kern_dim=\dimen169
\l__xeCJK_widow_penalty_int=\count303

LaTeX template Info: Declaring template type 'xeCJK/punctuation' taking 0
(template)           argument(s) on line 2396.

\l__xeCJK_fixed_punct_width_dim=\dimen170
\l__xeCJK_mixed_punct_width_dim=\dimen171
\l__xeCJK_middle_punct_width_dim=\dimen172
\l__xeCJK_fixed_margin_width_dim=\dimen173
\l__xeCJK_mixed_margin_width_dim=\dimen174
\l__xeCJK_middle_margin_width_dim=\dimen175
\l__xeCJK_bound_punct_width_dim=\dimen176
\l__xeCJK_bound_margin_width_dim=\dimen177
\l__xeCJK_margin_minimum_dim=\dimen178
\l__xeCJK_kerning_total_width_dim=\dimen179
\l__xeCJK_same_align_margin_dim=\dimen180
\l__xeCJK_different_align_margin_dim=\dimen181
\l__xeCJK_kerning_margin_width_dim=\dimen182
\l__xeCJK_kerning_margin_minimum_dim=\dimen183
\l__xeCJK_bound_dim=\dimen184
\l__xeCJK_reverse_bound_dim=\dimen185
\l__xeCJK_margin_dim=\dimen186
\l__xeCJK_minimum_bound_dim=\dimen187
\l__xeCJK_kerning_margin_dim=\dimen188
\g__xeCJK_family_int=\count304
\l__xeCJK_fam_int=\count305
\g__xeCJK_fam_allocation_int=\count306
\l__xeCJK_verb_case_int=\count307
\l__xeCJK_verb_exspace_skip=\skip57
 (/usr/local/texlive/2026basic/texmf-dist/tex/xelatex/xecjk/xeCJK.cfg
File: xeCJK.cfg 2022/08/05 v3.9.1 Configuration file for xeCJK package
))

Package fontspec Info: 
(fontspec)             Script 'CJK' not explicitly supported within font
(fontspec)             'Songti SC'. Check the typeset output, and if it is
(fontspec)             okay then ignore this warning. Otherwise a different
(fontspec)             font should be chosen.


Package fontspec Info: 
(fontspec)             Could not resolve font "Songti SC/I" (it probably
(fontspec)             doesn't exist).


Package fontspec Info: 
(fontspec)             Font family 'SongtiSC(0)' created for font 'Songti SC'
(fontspec)             with options [Script={CJK}].
(fontspec)              
(fontspec)              This font family consists of the following NFSS
(fontspec)             series/shapes:
(fontspec)              
(fontspec)             - 'normal' (m/n) with NFSS spec.: <->"Songti
(fontspec)             SC/OT:script=hani;language=dflt;"
(fontspec)             - 'bold' (b/n) with NFSS spec.: <->"Songti
(fontspec)             SC/B/OT:script=hani;language=dflt;"
(fontspec)             - 'bold italic' (b/it) with NFSS spec.: <->"Songti
(fontspec)             SC/BI/OT:script=hani;language=dflt;"

 (/usr/local/texlive/2026basic/texmf-dist/tex/latex/graphics/graphicx.sty
Package: graphicx 2024/12/31 v1.2e Enhanced LaTeX Graphics (DPC,SPQR)
 (/usr/local/texlive/2026basic/texmf-dist/tex/latex/graphics/graphics.sty
Package: graphics 2024/08/06 v1.4g Standard LaTeX Graphics (DPC,SPQR)
 (/usr/local/texlive/2026basic/texmf-dist/tex/latex/graphics/trig.sty
Package: trig 2023/12/02 v1.11 sin cos tan (DPC)
) (/usr/local/texlive/2026basic/texmf-dist/tex/latex/graphics-cfg/graphics.cfg
File: graphics.cfg 2016/06/04 v1.11 sample graphics configuration
)
Package graphics Info: Driver file: xetex.def on input line 106.
 (/usr/local/texlive/2026basic/texmf-dist/tex/latex/graphics-def/xetex.def
File: xetex.def 2025/11/01 v5.0p Graphics/color driver for xetex
))
\Gin@req@height=\dimen189
\Gin@req@width=\dimen190
) (/usr/local/texlive/2026basic/texmf-dist/tex/latex/float/float.sty
Package: float 2001/11/08 v1.3d Float enhancements (AL)
\c@float@type=\count308
\float@exts=\toks19
\float@box=\box55
\@float@everytoks=\toks20
\@floatcapt=\box56
) (/usr/local/texlive/2026basic/texmf-dist/tex/latex/booktabs/booktabs.sty
Package: booktabs 2020/01/12 v1.61803398 Publication quality tables
\heavyrulewidth=\dimen191
\lightrulewidth=\dimen192
\cmidrulewidth=\dimen193
\belowrulesep=\dimen194
\belowbottomsep=\dimen195
\aboverulesep=\dimen196
\abovetopsep=\dimen197
\cmidrulesep=\dimen198
\cmidrulekern=\dimen199
\defaultaddspace=\dimen256
\@cmidla=\count309
\@cmidlb=\count310
\@aboverulesep=\dimen257
\@belowrulesep=\dimen258
\@thisruleclass=\count311
\@lastruleclass=\count312
\@thisrulewidth=\dimen259
) (/usr/local/texlive/2026basic/texmf-dist/tex/latex/tools/longtable.sty
Package: longtable 2025-10-13 v4.24 Multi-page Table package (DPC)
\LTleft=\skip58
\LTright=\skip59
\LTpre=\skip60
\LTpost=\skip61
\LTchunksize=\count313
\LTcapwidth=\dimen260
\LT@head=\box57
\LT@firsthead=\box58
\LT@foot=\box59
\LT@lastfoot=\box60
\LT@gbox=\box61
\LT@cols=\count314
\LT@rows=\count315
\c@LT@tables=\count316
\c@LT@chunks=\count317
\LT@p@ftn=\toks21
) (/usr/local/texlive/2026basic/texmf-dist/tex/latex/tools/array.sty
Package: array 2025/09/25 v2.6n Tabular extension package (FMi)
\col@sep=\dimen261
\ar@mcellbox=\box62
\extrarowheight=\dimen262
\NC@list=\toks22
\extratabsurround=\skip62
\backup@length=\skip63
\ar@cellbox=\box63
) (/usr/local/texlive/2026basic/texmf-dist/tex/latex/caption/caption.sty
Package: caption 2023/08/05 v3.6o Customizing captions (AR)
 (/usr/local/texlive/2026basic/texmf-dist/tex/latex/caption/caption3.sty
Package: caption3 2023/07/31 v2.4d caption3 kernel (AR)
\caption@tempdima=\dimen263
\captionmargin=\dimen264
\caption@leftmargin=\dimen265
\caption@rightmargin=\dimen266
\caption@width=\dimen267
\caption@indent=\dimen268
\caption@parindent=\dimen269
\caption@hangindent=\dimen270
Package caption Info: Standard document class detected.
)
\c@caption@flags=\count318
\c@continuedfloat=\count319
Package caption Info: float package is loaded.
Package caption Info: longtable package is loaded.
 (/usr/local/texlive/2026basic/texmf-dist/tex/latex/caption/ltcaption.sty
Package: ltcaption 2021/01/08 v1.4c longtable captions (AR)
)) (/usr/local/texlive/2026basic/texmf-dist/tex/latex/caption/subcaption.sty
Package: subcaption 2023/07/28 v1.6b Sub-captions (AR)
Package caption Info: New subtype `subfigure' on input line 238.
\c@subfigure=\count320
Package caption Info: New subtype `subtable' on input line 238.
\c@subtable=\count321
) (/usr/local/texlive/2026basic/texmf-dist/tex/latex/xcolor/xcolor.sty
Package: xcolor 2024/09/29 v3.02 LaTeX color extensions (UK)
 (/usr/local/texlive/2026basic/texmf-dist/tex/latex/graphics-cfg/color.cfg
File: color.cfg 2016/01/02 v1.6 sample color configuration
)
Package xcolor Info: Driver file: xetex.def on input line 274.
 (/usr/local/texlive/2026basic/texmf-dist/tex/latex/graphics/mathcolor.ltx)
Package xcolor Info: Model `cmy' substituted by `cmy0' on input line 1349.
Package xcolor Info: Model `RGB' extended on input line 1365.
Package xcolor Info: Model `HTML' substituted by `rgb' on input line 1367.
Package xcolor Info: Model `Hsb' substituted by `hsb' on input line 1368.
Package xcolor Info: Model `tHsb' substituted by `hsb' on input line 1369.
Package xcolor Info: Model `HSB' substituted by `hsb' on input line 1370.
Package xcolor Info: Model `Gray' substituted by `gray' on input line 1371.
Package xcolor Info: Model `wave' substituted by `hsb' on input line 1372.
) (/usr/local/texlive/2026basic/texmf-dist/tex/latex/colortbl/colortbl.sty
Package: colortbl 2024/10/29 v1.0k Color table columns (DPC)
\everycr=\toks23
\minrowclearance=\skip64
\rownum=\count322
) (/usr/local/texlive/2026basic/texmf-dist/tex/latex/hyperref/hyperref.sty
Package: hyperref 2026-04-24 v7.01q Hypertext links for LaTeX
 (/usr/local/texlive/2026basic/texmf-dist/tex/latex/kvsetkeys/kvsetkeys.sty
Package: kvsetkeys 2022-10-05 v1.19 Key value parser (HO)
) (/usr/local/texlive/2026basic/texmf-dist/tex/generic/kvdefinekeys/kvdefinekeys.sty
Package: kvdefinekeys 2019-12-19 v1.6 Define keys (HO)
) (/usr/local/texlive/2026basic/texmf-dist/tex/generic/pdfescape/pdfescape.sty
Package: pdfescape 2019/12/09 v1.15 Implements pdfTeX's escape features (HO)
 (/usr/local/texlive/2026basic/texmf-dist/tex/generic/ltxcmds/ltxcmds.sty
Package: ltxcmds 2023-12-04 v1.26 LaTeX kernel commands for general use (HO)
) (/usr/local/texlive/2026basic/texmf-dist/tex/generic/pdftexcmds/pdftexcmds.sty
Package: pdftexcmds 2020-06-27 v0.33 Utility functions of pdfTeX for LuaTeX (HO)
 (/usr/local/texlive/2026basic/texmf-dist/tex/generic/infwarerr/infwarerr.sty
Package: infwarerr 2019/12/03 v1.5 Providing info/warning/error messages (HO)
)
Package pdftexcmds Info: \pdf@primitive is available.
Package pdftexcmds Info: \pdf@ifprimitive is available.
Package pdftexcmds Info: \pdfdraftmode not found.
)) (/usr/local/texlive/2026basic/texmf-dist/tex/latex/hycolor/hycolor.sty
Package: hycolor 2020-01-27 v1.10 Color options for hyperref/bookmark (HO)
) (/usr/local/texlive/2026basic/texmf-dist/tex/latex/hyperref/nameref.sty
Package: nameref 2026-01-29 v2.58 Cross-referencing by name of section
 (/usr/local/texlive/2026basic/texmf-dist/tex/latex/refcount/refcount.sty
Package: refcount 2019/12/15 v3.6 Data extraction from label references (HO)
) (/usr/local/texlive/2026basic/texmf-dist/tex/generic/gettitlestring/gettitlestring.sty
Package: gettitlestring 2019/12/15 v1.6 Cleanup title references (HO)
 (/usr/local/texlive/2026basic/texmf-dist/tex/latex/kvoptions/kvoptions.sty
Package: kvoptions 2022-06-15 v3.15 Key value format for package options (HO)
))
\c@section@level=\count323
) (/usr/local/texlive/2026basic/texmf-dist/tex/latex/etoolbox/etoolbox.sty
Package: etoolbox 2025/10/02 v2.5m e-TeX tools for LaTeX (JAW)
\etb@tempcnta=\count324
) (/usr/local/texlive/2026basic/texmf-dist/tex/generic/stringenc/stringenc.sty
Package: stringenc 2019/11/29 v1.12 Convert strings between diff. encodings (HO)
)
\@linkdim=\dimen271
\Hy@linkcounter=\count325
\Hy@pagecounter=\count326
 (/usr/local/texlive/2026basic/texmf-dist/tex/latex/hyperref/pd1enc.def
File: pd1enc.def 2026-04-24 v7.01q Hyperref: PDFDocEncoding definition (HO)
) (/usr/local/texlive/2026basic/texmf-dist/tex/generic/intcalc/intcalc.sty
Package: intcalc 2019/12/15 v1.3 Expandable calculations with integers (HO)
)
\Hy@SavedSpaceFactor=\count327
 (/usr/local/texlive/2026basic/texmf-dist/tex/latex/hyperref/puenc.def
File: puenc.def 2026-04-24 v7.01q Hyperref: PDF Unicode definition (HO)
)
Package hyperref Info: Option `colorlinks' set `true' on input line 4070.
Package hyperref Info: Hyper figures OFF on input line 4199.
Package hyperref Info: Link nesting OFF on input line 4204.
Package hyperref Info: Hyper index ON on input line 4207.
Package hyperref Info: Plain pages OFF on input line 4214.
Package hyperref Info: Backreferencing OFF on input line 4219.
Package hyperref Info: Implicit mode ON; LaTeX internals redefined.
Package hyperref Info: Bookmarks ON on input line 4466.
\c@Hy@tempcnt=\count328
 (/usr/local/texlive/2026basic/texmf-dist/tex/latex/url/url.sty
\Urlmuskip=\muskip17
Package: url 2013/09/16  ver 3.4  Verb mode for urls, etc.
)
LaTeX Info: Redefining \url on input line 4805.
\XeTeXLinkMargin=\dimen272
 (/usr/local/texlive/2026basic/texmf-dist/tex/generic/bitset/bitset.sty
Package: bitset 2019/12/09 v1.3 Handle bit-vector datatype (HO)
 (/usr/local/texlive/2026basic/texmf-dist/tex/generic/bigintcalc/bigintcalc.sty
Package: bigintcalc 2019/12/15 v1.5 Expandable calculations on big integers (HO)
))
\Fld@menulength=\count329
\Field@Width=\dimen273
\Fld@charsize=\dimen274
Package hyperref Info: Hyper figures OFF on input line 6091.
Package hyperref Info: Link nesting OFF on input line 6096.
Package hyperref Info: Hyper index ON on input line 6099.
Package hyperref Info: backreferencing OFF on input line 6106.
Package hyperref Info: Link coloring ON on input line 6109.
Package hyperref Info: Link coloring with OCG OFF on input line 6116.
Package hyperref Info: PDF/A mode OFF on input line 6121.
\Hy@abspage=\count330
\c@Item=\count331
\c@Hfootnote=\count332
)
Package hyperref Info: Driver (autodetected): hxetex.
 (/usr/local/texlive/2026basic/texmf-dist/tex/latex/hyperref/hxetex.def
File: hxetex.def 2026-04-24 v7.01q Hyperref driver for XeTeX
\pdfm@box=\box64
\c@Hy@AnnotLevel=\count333
\HyField@AnnotCount=\count334
\Fld@listcount=\count335
\c@bookmark@seq@number=\count336
 (/usr/local/texlive/2026basic/texmf-dist/tex/latex/rerunfilecheck/rerunfilecheck.sty
Package: rerunfilecheck 2025-06-21 v1.11 Rerun checks for auxiliary files (HO)
 (/usr/local/texlive/2026basic/texmf-dist/tex/generic/uniquecounter/uniquecounter.sty
Package: uniquecounter 2019/12/15 v1.4 Provide unlimited unique counter (HO)
)
Package uniquecounter Info: New unique counter `rerunfilecheck' on input line 284.
)
\Hy@SectionHShift=\skip65
) (/usr/local/texlive/2026basic/texmf-dist/tex/latex/biblatex/biblatex.sty
Package: biblatex 2025/07/10 v3.21 programmable bibliographies (PK/MW)
 (/usr/local/texlive/2026basic/texmf-dist/tex/latex/logreq/logreq.sty
Package: logreq 2010/08/04 v1.0 xml request logger
\lrq@indent=\count337
 (/usr/local/texlive/2026basic/texmf-dist/tex/latex/logreq/logreq.def
File: logreq.def 2010/08/04 v1.0 logreq spec v1.0
)) (/usr/local/texlive/2026basic/texmf-dist/tex/latex/base/ifthen.sty
Package: ifthen 2024/03/16 v1.1e Standard LaTeX ifthen package (DPC)
)
\c@tabx@nest=\count338
\c@listtotal=\count339
\c@listcount=\count340
\c@liststart=\count341
\c@liststop=\count342
\c@citecount=\count343
\c@citetotal=\count344
\c@multicitecount=\count345
\c@multicitetotal=\count346
\c@instcount=\count347
\c@maxnames=\count348
\c@minnames=\count349
\c@maxitems=\count350
\c@minitems=\count351
\c@citecounter=\count352
\c@maxcitecounter=\count353
\c@savedcitecounter=\count354
\c@uniquelist=\count355
\c@uniquename=\count356
\c@refsection=\count357
\c@refsegment=\count358
\c@maxextratitle=\count359
\c@maxextratitleyear=\count360
\c@maxextraname=\count361
\c@maxextradate=\count362
\c@maxextraalpha=\count363
\c@abbrvpenalty=\count364
\c@highnamepenalty=\count365
\c@lownamepenalty=\count366
\c@maxparens=\count367
\c@parenlevel=\count368
\blx@tempcnta=\count369
\blx@tempcntb=\count370
\blx@tempcntc=\count371
\c@blx@maxsection=\count372
\blx@maxsegment@0=\count373
\blx@notetype=\count374
\blx@parenlevel@text=\count375
\blx@parenlevel@foot=\count376
\blx@sectionciteorder@0=\count377
\blx@sectionciteorderinternal@0=\count378
\blx@entrysetcounter=\count379
\blx@biblioinstance=\count380
\labelnumberwidth=\skip66
\labelalphawidth=\skip67
\biblabelsep=\skip68
\bibitemsep=\skip69
\bibnamesep=\skip70
\bibinitsep=\skip71
\bibparsep=\skip72
\bibhang=\skip73
\blx@bcfin=\read2
\blx@bcfout=\write3
\blx@langwohyphens=\language23
\c@mincomprange=\count381
\c@maxcomprange=\count382
\c@mincompwidth=\count383
Package biblatex Info: Trying to load biblatex default data model...
Package biblatex Info: ... file 'blx-dm.def' found.
 (/usr/local/texlive/2026basic/texmf-dist/tex/latex/biblatex/blx-dm.def
File: blx-dm.def 2025/07/10 v3.21 biblatex datamodel (PK/MW)
)
Package biblatex Info: Trying to load biblatex style data model...
Package biblatex Info: ... file 'authoryear.dbx' not found.
Package biblatex Info: Trying to load biblatex custom data model...
Package biblatex Info: ... file 'biblatex-dm.cfg' not found.
\c@afterword=\count384
\c@savedafterword=\count385
\c@annotator=\count386
\c@savedannotator=\count387
\c@author=\count388
\c@savedauthor=\count389
\c@bookauthor=\count390
\c@savedbookauthor=\count391
\c@commentator=\count392
\c@savedcommentator=\count393
\c@editor=\count394
\c@savededitor=\count395
\c@editora=\count396
\c@savededitora=\count397
\c@editorb=\count398
\c@savededitorb=\count399
\c@editorc=\count400
\c@savededitorc=\count401
\c@foreword=\count402
\c@savedforeword=\count403
\c@holder=\count404
\c@savedholder=\count405
\c@introduction=\count406
\c@savedintroduction=\count407
\c@namea=\count408
\c@savednamea=\count409
\c@nameb=\count410
\c@savednameb=\count411
\c@namec=\count412
\c@savednamec=\count413
\c@translator=\count414
\c@savedtranslator=\count415
\c@shortauthor=\count416
\c@savedshortauthor=\count417
\c@shorteditor=\count418
\c@savedshorteditor=\count419
\c@labelname=\count420
\c@savedlabelname=\count421
\c@institution=\count422
\c@savedinstitution=\count423
\c@lista=\count424
\c@savedlista=\count425
\c@listb=\count426
\c@savedlistb=\count427
\c@listc=\count428
\c@savedlistc=\count429
\c@listd=\count430
\c@savedlistd=\count431
\c@liste=\count432
\c@savedliste=\count433
\c@listf=\count434
\c@savedlistf=\count435
\c@location=\count436
\c@savedlocation=\count437
\c@organization=\count438
\c@savedorganization=\count439
\c@origlocation=\count440
\c@savedoriglocation=\count441
\c@origpublisher=\count442
\c@savedorigpublisher=\count443
\c@publisher=\count444
\c@savedpublisher=\count445
\c@language=\count446
\c@savedlanguage=\count447
\c@origlanguage=\count448
\c@savedoriglanguage=\count449
\c@pageref=\count450
\c@savedpageref=\count451
\shorthandwidth=\skip74
\shortjournalwidth=\skip75
\shortserieswidth=\skip76
\shorttitlewidth=\skip77
\shortauthorwidth=\skip78
\shorteditorwidth=\skip79
\locallabelnumberwidth=\skip80
\locallabelalphawidth=\skip81
\localshorthandwidth=\skip82
\localshortjournalwidth=\skip83
\localshortserieswidth=\skip84
\localshorttitlewidth=\skip85
\localshortauthorwidth=\skip86
\localshorteditorwidth=\skip87
Package biblatex Info: Trying to load enhanced support for Unicode engines...
Package biblatex Info: ... file 'blx-unicode.def' found.
 (/usr/local/texlive/2026basic/texmf-dist/tex/latex/biblatex/blx-unicode.def)
Package biblatex Info: Trying to load compatibility code...
Package biblatex Info: ... file 'blx-compat.def' found.
 (/usr/local/texlive/2026basic/texmf-dist/tex/latex/biblatex/blx-compat.def
File: blx-compat.def 2025/07/10 v3.21 biblatex compatibility (PK/MW)
)
Package biblatex Info: Trying to load generic definitions...
Package biblatex Info: ... file 'biblatex.def' found.
 (/usr/local/texlive/2026basic/texmf-dist/tex/latex/biblatex/biblatex.def
File: biblatex.def 2025/07/10 v3.21 biblatex compatibility (PK/MW)
\c@textcitecount=\count452
\c@textcitetotal=\count453
\c@textcitemaxnames=\count454
\c@biburlbigbreakpenalty=\count455
\c@biburlbreakpenalty=\count456
\c@biburlnumpenalty=\count457
\c@biburlucpenalty=\count458
\c@biburllcpenalty=\count459
\biburlbigskip=\muskip18
\biburlnumskip=\muskip19
\biburlucskip=\muskip20
\biburllcskip=\muskip21
\c@smartand=\count460
)
Package biblatex Info: Trying to load bibliography style 'authoryear'...
Package biblatex Info: ... file 'authoryear.bbx' found.
 (/usr/local/texlive/2026basic/texmf-dist/tex/latex/biblatex/bbx/authoryear.bbx
File: authoryear.bbx 2025/07/10 v3.21 biblatex bibliography style (PK/MW)
Package biblatex Info: Trying to load bibliography style 'standard'...
Package biblatex Info: ... file 'standard.bbx' found.
 (/usr/local/texlive/2026basic/texmf-dist/tex/latex/biblatex/bbx/standard.bbx
File: standard.bbx 2025/07/10 v3.21 biblatex bibliography style (PK/MW)
\c@bbx:relatedcount=\count461
\c@bbx:relatedtotal=\count462
))
Package biblatex Info: Trying to load citation style 'authoryear'...
Package biblatex Info: ... file 'authoryear.cbx' found.
 (/usr/local/texlive/2026basic/texmf-dist/tex/latex/biblatex/cbx/authoryear.cbx
File: authoryear.cbx 2025/07/10 v3.21 biblatex citation style (PK/MW)
Package biblatex Info: Redefining '\cite'.
Package biblatex Info: Redefining '\parencite'.
Package biblatex Info: Redefining '\footcite'.
Package biblatex Info: Redefining '\footcitetext'.
Package biblatex Info: Redefining '\smartcite'.
Package biblatex Info: Redefining '\textcite'.
Package biblatex Info: Redefining '\textcites'.
)
Package biblatex Info: Trying to load configuration file...
Package biblatex Info: ... file 'biblatex.cfg' found.
 (/usr/local/texlive/2026basic/texmf-dist/tex/latex/biblatex/biblatex.cfg
File: biblatex.cfg 
)
Package biblatex Info: XeTeX detected.
(biblatex)             Assuming input encoding 'utf8'.
Package biblatex Info: Document encoding is UTF8 ....
Package biblatex Info: ... and expl3
(biblatex)             2026-03-20 L3 programming layer (loader) 
(biblatex)             is new enough (at least 2020/04/06),
(biblatex)             setting 'casechanger=expl3'.
 (/usr/local/texlive/2026basic/texmf-dist/tex/latex/biblatex/blx-case-expl3.sty
Package: blx-case-expl3 2025/07/10 v3.21 expl3 case changing code for biblatex
)) (/usr/local/texlive/2026basic/texmf-dist/tex/latex/enumitem/enumitem.sty
Package: enumitem 2025/02/06 v3.11 Customized lists
\labelindent=\skip88
\enit@outerparindent=\dimen275
\enit@toks=\toks24
\enit@inbox=\box65
\enit@count@id=\count463
\enitdp@description=\count464
) (/usr/local/texlive/2026basic/texmf-dist/tex/latex/amsmath/amsmath.sty
Package: amsmath 2025/07/09 v2.17z AMS math features
\@mathmargin=\skip89

For additional information on amsmath, use the `?' option.
(/usr/local/texlive/2026basic/texmf-dist/tex/latex/amsmath/amstext.sty
Package: amstext 2024/11/17 v2.01 AMS text
 (/usr/local/texlive/2026basic/texmf-dist/tex/latex/amsmath/amsgen.sty
File: amsgen.sty 1999/11/30 v2.0 generic functions
\@emptytoks=\toks25
\ex@=\dimen276
)) (/usr/local/texlive/2026basic/texmf-dist/tex/latex/amsmath/amsbsy.sty
Package: amsbsy 1999/11/29 v1.2d Bold Symbols
\pmbraise@=\dimen277
) (/usr/local/texlive/2026basic/texmf-dist/tex/latex/amsmath/amsopn.sty
Package: amsopn 2022/04/08 v2.04 operator names
)
\inf@bad=\count465
LaTeX Info: Redefining \frac on input line 233.
\uproot@=\count466
\leftroot@=\count467
LaTeX Info: Redefining \overline on input line 398.
LaTeX Info: Redefining \colon on input line 409.
\classnum@=\count468
\DOTSCASE@=\count469
LaTeX Info: Redefining \ldots on input line 495.
LaTeX Info: Redefining \dots on input line 498.
LaTeX Info: Redefining \cdots on input line 619.
\Mathstrutbox@=\box66
\strutbox@=\box67
LaTeX Info: Redefining \big on input line 721.
LaTeX Info: Redefining \Big on input line 722.
LaTeX Info: Redefining \bigg on input line 723.
LaTeX Info: Redefining \Bigg on input line 724.
\big@size=\dimen278
LaTeX Font Info:    Redeclaring font encoding OML on input line 742.
LaTeX Font Info:    Redeclaring font encoding OMS on input line 743.
\macc@depth=\count470
LaTeX Info: Redefining \bmod on input line 904.
LaTeX Info: Redefining \pmod on input line 909.
LaTeX Info: Redefining \smash on input line 939.
LaTeX Info: Redefining \relbar on input line 969.
LaTeX Info: Redefining \Relbar on input line 970.
\c@MaxMatrixCols=\count471
\dotsspace@=\muskip22
\c@parentequation=\count472
\dspbrk@lvl=\count473
\tag@help=\toks26
\row@=\count474
\column@=\count475
\maxfields@=\count476
\andhelp@=\toks27
\eqnshift@=\dimen279
\alignsep@=\dimen280
\tagshift@=\dimen281
\tagwidth@=\dimen282
\totwidth@=\dimen283
\lineht@=\dimen284
\@envbody=\toks28
\multlinegap=\skip90
\multlinetaggap=\skip91
\mathdisplay@stack=\toks29
LaTeX Info: Redefining \[ on input line 2950.
LaTeX Info: Redefining \] on input line 2951.
) (/usr/local/texlive/2026basic/texmf-dist/tex/latex/pgf/frontendlayer/tikz.sty (/usr/local/texlive/2026basic/texmf-dist/tex/latex/pgf/basiclayer/pgf.sty (/usr/local/texlive/2026basic/texmf-dist/tex/latex/pgf/utilities/pgfrcs.sty (/usr/local/texlive/2026basic/texmf-dist/tex/generic/pgf/utilities/pgfutil-common.tex
\pgfutil@everybye=\toks30
\pgfutil@tempdima=\dimen285
\pgfutil@tempdimb=\dimen286
) (/usr/local/texlive/2026basic/texmf-dist/tex/generic/pgf/utilities/pgfutil-latex.def
\pgfutil@abb=\box68
) (/usr/local/texlive/2026basic/texmf-dist/tex/generic/pgf/utilities/pgfrcs.code.tex (/usr/local/texlive/2026basic/texmf-dist/tex/generic/pgf/pgf.revision.tex)
Package: pgfrcs 2025-08-29 v3.1.11a (3.1.11a)
))
Package: pgf 2025-08-29 v3.1.11a (3.1.11a)
 (/usr/local/texlive/2026basic/texmf-dist/tex/latex/pgf/basiclayer/pgfcore.sty (/usr/local/texlive/2026basic/texmf-dist/tex/latex/pgf/systemlayer/pgfsys.sty (/usr/local/texlive/2026basic/texmf-dist/tex/generic/pgf/systemlayer/pgfsys.code.tex
Package: pgfsys 2025-08-29 v3.1.11a (3.1.11a)
 (/usr/local/texlive/2026basic/texmf-dist/tex/generic/pgf/utilities/pgfkeys.code.tex
\pgfkeys@pathtoks=\toks31
\pgfkeys@temptoks=\toks32
 (/usr/local/texlive/2026basic/texmf-dist/tex/generic/pgf/utilities/pgfkeyslibraryfiltered.code.tex
\pgfkeys@tmptoks=\toks33
))
\pgf@x=\dimen287
\pgf@y=\dimen288
\pgf@xa=\dimen289
\pgf@ya=\dimen290
\pgf@xb=\dimen291
\pgf@yb=\dimen292
\pgf@xc=\dimen293
\pgf@yc=\dimen294
\pgf@xd=\dimen295
\pgf@yd=\dimen296
\w@pgf@writea=\write4
\r@pgf@reada=\read3
\c@pgf@counta=\count477
\c@pgf@countb=\count478
\c@pgf@countc=\count479
\c@pgf@countd=\count480
\t@pgf@toka=\toks34
\t@pgf@tokb=\toks35
\t@pgf@tokc=\toks36
\pgf@sys@id@count=\count481
 (/usr/local/texlive/2026basic/texmf-dist/tex/generic/pgf/systemlayer/pgf.cfg
File: pgf.cfg 2025-08-29 v3.1.11a (3.1.11a)
)
Driver file for pgf: pgfsys-xetex.def
 (/usr/local/texlive/2026basic/texmf-dist/tex/generic/pgf/systemlayer/pgfsys-xetex.def
File: pgfsys-xetex.def 2025-08-29 v3.1.11a (3.1.11a)
 (/usr/local/texlive/2026basic/texmf-dist/tex/generic/pgf/systemlayer/pgfsys-dvipdfmx.def
File: pgfsys-dvipdfmx.def 2025-08-29 v3.1.11a (3.1.11a)
 (/usr/local/texlive/2026basic/texmf-dist/tex/generic/pgf/systemlayer/pgfsys-common-pdf.def
File: pgfsys-common-pdf.def 2025-08-29 v3.1.11a (3.1.11a)
)
\pgfsys@objnum=\count482
))) (/usr/local/texlive/2026basic/texmf-dist/tex/generic/pgf/systemlayer/pgfsyssoftpath.code.tex
File: pgfsyssoftpath.code.tex 2025-08-29 v3.1.11a (3.1.11a)
\pgfsyssoftpath@smallbuffer@items=\count483
\pgfsyssoftpath@bigbuffer@items=\count484
) (/usr/local/texlive/2026basic/texmf-dist/tex/generic/pgf/systemlayer/pgfsysprotocol.code.tex
File: pgfsysprotocol.code.tex 2025-08-29 v3.1.11a (3.1.11a)
)) (/usr/local/texlive/2026basic/texmf-dist/tex/generic/pgf/basiclayer/pgfcore.code.tex
Package: pgfcore 2025-08-29 v3.1.11a (3.1.11a)
 (/usr/local/texlive/2026basic/texmf-dist/tex/generic/pgf/math/pgfmath.code.tex (/usr/local/texlive/2026basic/texmf-dist/tex/generic/pgf/math/pgfmathutil.code.tex) (/usr/local/texlive/2026basic/texmf-dist/tex/generic/pgf/math/pgfmathparser.code.tex
\pgfmath@dimen=\dimen297
\pgfmath@count=\count485
\pgfmath@box=\box69
\pgfmath@toks=\toks37
\pgfmath@stack@operand=\toks38
\pgfmath@stack@operation=\toks39
) (/usr/local/texlive/2026basic/texmf-dist/tex/generic/pgf/math/pgfmathfunctions.code.tex) (/usr/local/texlive/2026basic/texmf-dist/tex/generic/pgf/math/pgfmathfunctions.basic.code.tex) (/usr/local/texlive/2026basic/texmf-dist/tex/generic/pgf/math/pgfmathfunctions.trigonometric.code.tex) (/usr/local/texlive/2026basic/texmf-dist/tex/generic/pgf/math/pgfmathfunctions.random.code.tex) (/usr/local/texlive/2026basic/texmf-dist/tex/generic/pgf/math/pgfmathfunctions.comparison.code.tex) (/usr/local/texlive/2026basic/texmf-dist/tex/generic/pgf/math/pgfmathfunctions.base.code.tex) (/usr/local/texlive/2026basic/texmf-dist/tex/generic/pgf/math/pgfmathfunctions.round.code.tex) (/usr/local/texlive/2026basic/texmf-dist/tex/generic/pgf/math/pgfmathfunctions.misc.code.tex) (/usr/local/texlive/2026basic/texmf-dist/tex/generic/pgf/math/pgfmathfunctions.integerarithmetics.code.tex) (/usr/local/texlive/2026basic/texmf-dist/tex/generic/pgf/math/pgfmathcalc.code.tex) (/usr/local/texlive/2026basic/texmf-dist/tex/generic/pgf/math/pgfmathfloat.code.tex
\c@pgfmathroundto@lastzeros=\count486
)) (/usr/local/texlive/2026basic/texmf-dist/tex/generic/pgf/math/pgfint.code.tex) (/usr/local/texlive/2026basic/texmf-dist/tex/generic/pgf/basiclayer/pgfcorepoints.code.tex
File: pgfcorepoints.code.tex 2025-08-29 v3.1.11a (3.1.11a)
\pgf@picminx=\dimen298
\pgf@picmaxx=\dimen299
\pgf@picminy=\dimen300
\pgf@picmaxy=\dimen301
\pgf@pathminx=\dimen302
\pgf@pathmaxx=\dimen303
\pgf@pathminy=\dimen304
\pgf@pathmaxy=\dimen305
\pgf@xx=\dimen306
\pgf@xy=\dimen307
\pgf@yx=\dimen308
\pgf@yy=\dimen309
\pgf@zx=\dimen310
\pgf@zy=\dimen311
) (/usr/local/texlive/2026basic/texmf-dist/tex/generic/pgf/basiclayer/pgfcorepathconstruct.code.tex
File: pgfcorepathconstruct.code.tex 2025-08-29 v3.1.11a (3.1.11a)
\pgf@path@lastx=\dimen312
\pgf@path@lasty=\dimen313
) (/usr/local/texlive/2026basic/texmf-dist/tex/generic/pgf/basiclayer/pgfcorepathusage.code.tex
File: pgfcorepathusage.code.tex 2025-08-29 v3.1.11a (3.1.11a)
\pgf@shorten@end@additional=\dimen314
\pgf@shorten@start@additional=\dimen315
) (/usr/local/texlive/2026basic/texmf-dist/tex/generic/pgf/basiclayer/pgfcorescopes.code.tex
File: pgfcorescopes.code.tex 2025-08-29 v3.1.11a (3.1.11a)
\pgfpic=\box70
\pgf@hbox=\box71
\pgf@layerbox@main=\box72
\pgf@picture@serial@count=\count487
) (/usr/local/texlive/2026basic/texmf-dist/tex/generic/pgf/basiclayer/pgfcoregraphicstate.code.tex
File: pgfcoregraphicstate.code.tex 2025-08-29 v3.1.11a (3.1.11a)
\pgflinewidth=\dimen316
) (/usr/local/texlive/2026basic/texmf-dist/tex/generic/pgf/basiclayer/pgfcoretransformations.code.tex
File: pgfcoretransformations.code.tex 2025-08-29 v3.1.11a (3.1.11a)
\pgf@pt@x=\dimen317
\pgf@pt@y=\dimen318
\pgf@pt@temp=\dimen319
) (/usr/local/texlive/2026basic/texmf-dist/tex/generic/pgf/basiclayer/pgfcorequick.code.tex
File: pgfcorequick.code.tex 2025-08-29 v3.1.11a (3.1.11a)
) (/usr/local/texlive/2026basic/texmf-dist/tex/generic/pgf/basiclayer/pgfcoreobjects.code.tex
File: pgfcoreobjects.code.tex 2025-08-29 v3.1.11a (3.1.11a)
) (/usr/local/texlive/2026basic/texmf-dist/tex/generic/pgf/basiclayer/pgfcorepathprocessing.code.tex
File: pgfcorepathprocessing.code.tex 2025-08-29 v3.1.11a (3.1.11a)
) (/usr/local/texlive/2026basic/texmf-dist/tex/generic/pgf/basiclayer/pgfcorearrows.code.tex
File: pgfcorearrows.code.tex 2025-08-29 v3.1.11a (3.1.11a)
\pgfarrowsep=\dimen320
) (/usr/local/texlive/2026basic/texmf-dist/tex/generic/pgf/basiclayer/pgfcoreshade.code.tex
File: pgfcoreshade.code.tex 2025-08-29 v3.1.11a (3.1.11a)
\pgf@max=\dimen321
\pgf@sys@shading@range@num=\count488
\pgf@shadingcount=\count489
) (/usr/local/texlive/2026basic/texmf-dist/tex/generic/pgf/basiclayer/pgfcoreimage.code.tex
File: pgfcoreimage.code.tex 2025-08-29 v3.1.11a (3.1.11a)
) (/usr/local/texlive/2026basic/texmf-dist/tex/generic/pgf/basiclayer/pgfcoreexternal.code.tex
File: pgfcoreexternal.code.tex 2025-08-29 v3.1.11a (3.1.11a)
\pgfexternal@startupbox=\box73
) (/usr/local/texlive/2026basic/texmf-dist/tex/generic/pgf/basiclayer/pgfcorelayers.code.tex
File: pgfcorelayers.code.tex 2025-08-29 v3.1.11a (3.1.11a)
) (/usr/local/texlive/2026basic/texmf-dist/tex/generic/pgf/basiclayer/pgfcoretransparency.code.tex
File: pgfcoretransparency.code.tex 2025-08-29 v3.1.11a (3.1.11a)
) (/usr/local/texlive/2026basic/texmf-dist/tex/generic/pgf/basiclayer/pgfcorepatterns.code.tex
File: pgfcorepatterns.code.tex 2025-08-29 v3.1.11a (3.1.11a)
) (/usr/local/texlive/2026basic/texmf-dist/tex/generic/pgf/basiclayer/pgfcorerdf.code.tex
File: pgfcorerdf.code.tex 2025-08-29 v3.1.11a (3.1.11a)
))) (/usr/local/texlive/2026basic/texmf-dist/tex/generic/pgf/modules/pgfmoduleshapes.code.tex
File: pgfmoduleshapes.code.tex 2025-08-29 v3.1.11a (3.1.11a)
\pgfnodeparttextbox=\box74
) (/usr/local/texlive/2026basic/texmf-dist/tex/generic/pgf/modules/pgfmoduleplot.code.tex
File: pgfmoduleplot.code.tex 2025-08-29 v3.1.11a (3.1.11a)
) (/usr/local/texlive/2026basic/texmf-dist/tex/latex/pgf/compatibility/pgfcomp-version-0-65.sty
Package: pgfcomp-version-0-65 2025-08-29 v3.1.11a (3.1.11a)
\pgf@nodesepstart=\dimen322
\pgf@nodesepend=\dimen323
) (/usr/local/texlive/2026basic/texmf-dist/tex/latex/pgf/compatibility/pgfcomp-version-1-18.sty
Package: pgfcomp-version-1-18 2025-08-29 v3.1.11a (3.1.11a)
)) (/usr/local/texlive/2026basic/texmf-dist/tex/latex/pgf/utilities/pgffor.sty (/usr/local/texlive/2026basic/texmf-dist/tex/latex/pgf/utilities/pgfkeys.sty (/usr/local/texlive/2026basic/texmf-dist/tex/generic/pgf/utilities/pgfkeys.code.tex)) (/usr/local/texlive/2026basic/texmf-dist/tex/latex/pgf/math/pgfmath.sty (/usr/local/texlive/2026basic/texmf-dist/tex/generic/pgf/math/pgfmath.code.tex)) (/usr/local/texlive/2026basic/texmf-dist/tex/generic/pgf/utilities/pgffor.code.tex
Package: pgffor 2025-08-29 v3.1.11a (3.1.11a)
\pgffor@iter=\dimen324
\pgffor@skip=\dimen325
\pgffor@stack=\toks40
\pgffor@toks=\toks41
)) (/usr/local/texlive/2026basic/texmf-dist/tex/generic/pgf/frontendlayer/tikz/tikz.code.tex
Package: tikz 2025-08-29 v3.1.11a (3.1.11a)
 (/usr/local/texlive/2026basic/texmf-dist/tex/generic/pgf/libraries/pgflibraryplothandlers.code.tex
File: pgflibraryplothandlers.code.tex 2025-08-29 v3.1.11a (3.1.11a)
\pgf@plot@mark@count=\count490
\pgfplotmarksize=\dimen326
)
\tikz@lastx=\dimen327
\tikz@lasty=\dimen328
\tikz@lastxsaved=\dimen329
\tikz@lastysaved=\dimen330
\tikz@lastmovetox=\dimen331
\tikz@lastmovetoy=\dimen332
\tikzleveldistance=\dimen333
\tikzsiblingdistance=\dimen334
\tikz@figbox=\box75
\tikz@figbox@bg=\box76
\tikz@tempbox=\box77
\tikz@tempbox@bg=\box78
\tikztreelevel=\count491
\tikznumberofchildren=\count492
\tikznumberofcurrentchild=\count493
\tikz@fig@count=\count494
 (/usr/local/texlive/2026basic/texmf-dist/tex/generic/pgf/modules/pgfmodulematrix.code.tex
File: pgfmodulematrix.code.tex 2025-08-29 v3.1.11a (3.1.11a)
\pgfmatrixcurrentrow=\count495
\pgfmatrixcurrentcolumn=\count496
\pgf@matrix@numberofcolumns=\count497
)
\tikz@expandcount=\count498
 (/usr/local/texlive/2026basic/texmf-dist/tex/generic/pgf/frontendlayer/tikz/libraries/tikzlibrarytopaths.code.tex
File: tikzlibrarytopaths.code.tex 2025-08-29 v3.1.11a (3.1.11a)
))) (/usr/local/texlive/2026basic/texmf-dist/tex/latex/appendix/appendix.sty
Package: appendix 2020/02/08 v1.2c extra appendix facilities
\c@@pps=\count499
\c@@ppsavesec=\count500
\c@@ppsaveapp=\count501
)
\@quotelevel=\count502
\@quotereset=\count503
 (./research_framework_en.aux)
\openout1 = `research_framework_en.aux'.

LaTeX Font Info:    Checking defaults for OML/cmm/m/it on input line 71.
LaTeX Font Info:    ... okay on input line 71.
LaTeX Font Info:    Checking defaults for OMS/cmsy/m/n on input line 71.
LaTeX Font Info:    ... okay on input line 71.
LaTeX Font Info:    Checking defaults for OT1/cmr/m/n on input line 71.
LaTeX Font Info:    ... okay on input line 71.
LaTeX Font Info:    Checking defaults for T1/cmr/m/n on input line 71.
LaTeX Font Info:    ... okay on input line 71.
LaTeX Font Info:    Checking defaults for TS1/cmr/m/n on input line 71.
LaTeX Font Info:    ... okay on input line 71.
LaTeX Font Info:    Checking defaults for TU/lmr/m/n on input line 71.
LaTeX Font Info:    ... okay on input line 71.
LaTeX Font Info:    Checking defaults for OMX/cmex/m/n on input line 71.
LaTeX Font Info:    ... okay on input line 71.
LaTeX Font Info:    Checking defaults for U/cmr/m/n on input line 71.
LaTeX Font Info:    ... okay on input line 71.
LaTeX Font Info:    Checking defaults for PD1/pdf/m/n on input line 71.
LaTeX Font Info:    ... okay on input line 71.
LaTeX Font Info:    Checking defaults for PU/pdf/m/n on input line 71.
LaTeX Font Info:    ... okay on input line 71.

*geometry* driver: auto-detecting
*geometry* detected driver: xetex
*geometry* verbose mode - [ preamble ] result:
* driver: xetex
* paper: a4paper
* layout: <same size as paper>
* layoutoffset:(h,v)=(0.0pt,0.0pt)
* modes: 
* h-part:(L,W,R)=(79.6678pt, 438.17227pt, 79.6678pt)
* v-part:(T,H,B)=(71.13188pt, 702.78308pt, 71.13188pt)
* \paperwidth=597.50787pt
* \paperheight=845.04684pt
* \textwidth=438.17227pt
* \textheight=702.78308pt
* \oddsidemargin=7.39781pt
* \evensidemargin=7.39781pt
* \topmargin=-38.1381pt
* \headheight=12.0pt
* \headsep=25.0pt
* \topskip=12.0pt
* \footskip=30.0pt
* \marginparwidth=35.0pt
* \marginparsep=10.0pt
* \columnsep=10.0pt
* \skip\footins=10.8pt plus 4.0pt minus 2.0pt
* \hoffset=0.0pt
* \voffset=0.0pt
* \mag=1000
* \@twocolumnfalse
* \@twosidefalse
* \@mparswitchfalse
* \@reversemarginfalse
* (1in=72.27pt=25.4mm, 1cm=28.453pt)


Package fontspec Info: 
(fontspec)             Adjusting the maths setup (use [no-math] to avoid
(fontspec)             this).

\symlegacymaths=\mathgroup4
LaTeX Font Info:    Overwriting symbol font `legacymaths' in version `bold'
(Font)                  OT1/cmr/m/n --> OT1/cmr/bx/n on input line 71.
LaTeX Font Info:    Redeclaring math accent \acute on input line 71.
LaTeX Font Info:    Redeclaring math accent \grave on input line 71.
LaTeX Font Info:    Redeclaring math accent \ddot on input line 71.
LaTeX Font Info:    Redeclaring math accent \tilde on input line 71.
LaTeX Font Info:    Redeclaring math accent \bar on input line 71.
LaTeX Font Info:    Redeclaring math accent \breve on input line 71.
LaTeX Font Info:    Redeclaring math accent \check on input line 71.
LaTeX Font Info:    Redeclaring math accent \hat on input line 71.
LaTeX Font Info:    Redeclaring math accent \dot on input line 71.
LaTeX Font Info:    Redeclaring math accent \mathring on input line 71.
LaTeX Font Info:    Redeclaring math symbol \Gamma on input line 71.
LaTeX Font Info:    Redeclaring math symbol \Delta on input line 71.
LaTeX Font Info:    Redeclaring math symbol \Theta on input line 71.
LaTeX Font Info:    Redeclaring math symbol \Lambda on input line 71.
LaTeX Font Info:    Redeclaring math symbol \Xi on input line 71.
LaTeX Font Info:    Redeclaring math symbol \Pi on input line 71.
LaTeX Font Info:    Redeclaring math symbol \Sigma on input line 71.
LaTeX Font Info:    Redeclaring math symbol \Upsilon on input line 71.
LaTeX Font Info:    Redeclaring math symbol \Phi on input line 71.
LaTeX Font Info:    Redeclaring math symbol \Psi on input line 71.
LaTeX Font Info:    Redeclaring math symbol \Omega on input line 71.
LaTeX Font Info:    Redeclaring math symbol \mathdollar on input line 71.
LaTeX Font Info:    Redeclaring symbol font `operators' on input line 71.
LaTeX Font Info:    Encoding `OT1' has changed to `TU' for symbol font
(Font)              `operators' in the math version `normal' on input line 71.
LaTeX Font Info:    Overwriting symbol font `operators' in version `normal'
(Font)                  OT1/cmr/m/n --> TU/TimesNewRoman(0)/m/n on input line 71.
LaTeX Font Info:    Encoding `OT1' has changed to `TU' for symbol font
(Font)              `operators' in the math version `bold' on input line 71.
LaTeX Font Info:    Overwriting symbol font `operators' in version `bold'
(Font)                  OT1/cmr/bx/n --> TU/TimesNewRoman(0)/m/n on input line 71.
LaTeX Font Info:    Overwriting symbol font `operators' in version `normal'
(Font)                  TU/TimesNewRoman(0)/m/n --> TU/TimesNewRoman(0)/m/n on input line 71.
LaTeX Font Info:    Overwriting math alphabet `\mathit' in version `normal'
(Font)                  OT1/cmr/m/it --> TU/TimesNewRoman(0)/m/it on input line 71.
LaTeX Font Info:    Overwriting math alphabet `\mathbf' in version `normal'
(Font)                  OT1/cmr/bx/n --> TU/TimesNewRoman(0)/b/n on input line 71.
LaTeX Font Info:    Overwriting math alphabet `\mathsf' in version `normal'
(Font)                  OT1/cmss/m/n --> TU/Arial(0)/m/n on input line 71.
LaTeX Font Info:    Overwriting math alphabet `\mathtt' in version `normal'
(Font)                  OT1/cmtt/m/n --> TU/CourierNew(0)/m/n on input line 71.
LaTeX Font Info:    Overwriting symbol font `operators' in version `bold'
(Font)                  TU/TimesNewRoman(0)/m/n --> TU/TimesNewRoman(0)/b/n on input line 71.
LaTeX Font Info:    Overwriting math alphabet `\mathit' in version `bold'
(Font)                  OT1/cmr/bx/it --> TU/TimesNewRoman(0)/b/it on input line 71.
LaTeX Font Info:    Overwriting math alphabet `\mathsf' in version `bold'
(Font)                  OT1/cmss/bx/n --> TU/Arial(0)/b/n on input line 71.
LaTeX Font Info:    Overwriting math alphabet `\mathtt' in version `bold'
(Font)                  OT1/cmtt/m/n --> TU/CourierNew(0)/b/n on input line 71.
Package caption Info: Begin \AtBeginDocument code.
Package caption Info: hyperref package is loaded.
Package caption Info: End \AtBeginDocument code.
Package hyperref Info: Link coloring ON on input line 71.
(./research_framework_en.out) (./research_framework_en.out)
\@outlinefile=\write5
\openout5 = `research_framework_en.out'.

Package biblatex Info: Trying to load language 'english'...
Package biblatex Info: ... file 'english.lbx' found.
 (/usr/local/texlive/2026basic/texmf-dist/tex/latex/biblatex/lbx/english.lbx
File: english.lbx 2025/07/10 v3.21 biblatex localization (PK/MW)
)
Package biblatex Info: XeTeX detected.
(biblatex)             Assuming input encoding 'utf8'.
Package biblatex Info: Automatic encoding selection.
(biblatex)             Assuming data encoding 'utf8'.
\openout3 = `research_framework_en.bcf'.

Package biblatex Info: Trying to load bibliographic data...
Package biblatex Info: ... file 'research_framework_en.bbl' not found.

No file research_framework_en.bbl.
Package biblatex Info: Reference section=0 on input line 71.
Package biblatex Info: Reference segment=0 on input line 71.
[1

] (./research_framework_en.toc [2] [3])
\tf@toc=\write6
\openout6 = `research_framework_en.toc'.

 [4] (./research_framework_en.lof
Overfull \hbox (1.31686pt too wide) in paragraph at lines 7--7
 [][] [][][]\TU/TimesNewRoman(0)/m/n/12 Market Concentration Analysis (CR5/CR10/CR30 Based on Registered Cap- 
 []

)
\tf@lof=\write7
\openout7 = `research_framework_en.lof'.

 (./research_framework_en.lot [5])
\tf@lot=\write8
\openout8 = `research_framework_en.lot'.

 [6]

Package fontspec Info: 
(fontspec)             Script 'CJK' not explicitly supported within font
(fontspec)             'Heiti SC'. Check the typeset output, and if it is okay
(fontspec)             then ignore this warning. Otherwise a different font
(fontspec)             should be chosen.


Package fontspec Info: 
(fontspec)             Could not resolve font "Heiti SC/I" (it probably
(fontspec)             doesn't exist).


Package fontspec Info: 
(fontspec)             Font family 'HeitiSC(0)' created for font 'Heiti SC'
(fontspec)             with options [Script={CJK}].
(fontspec)              
(fontspec)              This font family consists of the following NFSS
(fontspec)             series/shapes:
(fontspec)              
(fontspec)             - 'normal' (m/n) with NFSS spec.: <->"Heiti
(fontspec)             SC/OT:script=hani;language=dflt;"
(fontspec)             - 'bold' (b/n) with NFSS spec.: <->"Heiti
(fontspec)             SC/B/OT:script=hani;language=dflt;"
(fontspec)             - 'bold italic' (b/it) with NFSS spec.: <->"Heiti
(fontspec)             SC/BI/OT:script=hani;language=dflt;"


Overfull \hbox (2.38728pt too wide) in paragraph at lines 158--164
\TU/TimesNewRoman(0)/m/n/12 This section is based on the Guangdong Province IC Enterprise Directory database (\TU/CourierNew(0)/m/n/12 docs/\TU/HeitiSC(0)/m/n/12 广
 []

[7]
File: ../img/ent_dist_by_city.png Graphic file (type bmp)
<../img/ent_dist_by_city.png>
 [8] [9] [10]
Overfull \hbox (6.51265pt too wide) in paragraph at lines 338--355
 [][] 
 []

[11] [12] [13]
File: ../img/产业链全景图_EN.png Graphic file (type bmp)
<../img/产业链全景图_EN.png>
 [14]
Overfull \hbox (6.13728pt too wide) in paragraph at lines 603--606
\TU/TimesNewRoman(0)/m/n/12 Guangdong’s IC industry has demonstrated outstanding counter-cyclical resilience and growth
 []

[15]
File: ../img/2023-2025IC产量同比增长_国际vs国内.jpeg Graphic file (type bmp)
<../img/2023-2025IC产量同比增长_国际vs国内.jpeg>
 [16]
File: ../img/广东省IC技术迭代进度.jpeg Graphic file (type bmp)
<../img/广东省IC技术迭代进度.jpeg>
 [17]
Underfull \hbox (badness 10000) in paragraph at lines 720--720
[]|\TU/TimesNewRoman(0)/m/n/10.95 R&D Investment
 []


Underfull \hbox (badness 10000) in paragraph at lines 721--721
[]|\TU/TimesNewRoman(0)/m/n/10.95 Semiconductor
 []


Underfull \hbox (badness 2080) in paragraph at lines 721--722
[]|\TU/TimesNewRoman(0)/m/n/10.95 Wisdom Bud GBA
 []


Underfull \hbox (badness 10000) in paragraph at lines 722--722
[]|\TU/TimesNewRoman(0)/m/n/10.95 Capacity Utiliza-
 []


Underfull \hbox (badness 10000) in paragraph at lines 722--723
[]|\TU/TimesNewRoman(0)/m/n/10.95 CanSemi (Yuexin)
 []


Underfull \hbox (badness 10000) in paragraph at lines 723--723
[]|\TU/TimesNewRoman(0)/m/n/10.95 Invention Patent
 []


Underfull \hbox (badness 2080) in paragraph at lines 723--724
[]|\TU/TimesNewRoman(0)/m/n/10.95 Wisdom Bud GBA
 []

File: ../img/主要指标趋势.png Graphic file (type bmp)
<../img/主要指标趋势.png>
[18]

Package hyperref Warning: Token not allowed in a PDF string (Unicode):
(hyperref)                removing `math shift' on input line 745.


Package hyperref Warning: Token not allowed in a PDF string (Unicode):
(hyperref)                removing `\rightarrow' on input line 745.


Package hyperref Warning: Token not allowed in a PDF string (Unicode):
(hyperref)                removing `math shift' on input line 745.


Package hyperref Warning: Token not allowed in a PDF string (Unicode):
(hyperref)                removing `math shift' on input line 745.


Package hyperref Warning: Token not allowed in a PDF string (Unicode):
(hyperref)                removing `\rightarrow' on input line 745.


Package hyperref Warning: Token not allowed in a PDF string (Unicode):
(hyperref)                removing `math shift' on input line 745.


Overfull \hbox (8.25626pt too wide) in paragraph at lines 750--756
\TU/TimesNewRoman(0)/m/n/12 conductor firms remains stably within the 10%–12% range, while semiconductor patents
 []

[19]
Overfull \hbox (28.32187pt too wide) in paragraph at lines 787--798
 [][] 
 []

[20]
File: ../img/广东省IC产业应用市场结构.jpeg Graphic file (type bmp)
<../img/广东省IC产业应用市场结构.jpeg>

Overfull \hbox (72.1207pt too wide) in paragraph at lines 840--850
 [][] 
 []

[21]
File: ../img/市场集中度分析.png Graphic file (type bmp)
<../img/市场集中度分析.png>

Overfull \hbox (7.07346pt too wide) in paragraph at lines 864--875
\TU/TimesNewRoman(0)/m/n/12 tion (95.3% micro and small enterprises), producing a distinctive “capital-concentrated, entity-
 []

[22]
Overfull \hbox (19.39804pt too wide) in paragraph at lines 886--896
 [][] 
 []

[23]
File: ../img/主要城市总注册资本分布.png Graphic file (type bmp)
<../img/主要城市总注册资本分布.png>
 [24] [25]
Underfull \hbox (badness 3271) in paragraph at lines 995--995
[]|\TU/TimesNewRoman(0)/m/n/12 Wafer Manufacturing
 []


Underfull \hbox (badness 6236) in paragraph at lines 996--997
[]|\TU/TimesNewRoman(0)/m/n/12 Concentrated in PRD manufacturing
 []


Overfull \hbox (19.53256pt too wide) in paragraph at lines 989--1002
 [][] 
 []


Underfull \hbox (badness 3148) in paragraph at lines 1034--1034
[]|\TU/TimesNewRoman(0)/m/n/12 Dongguan, Foshan,
 []


Underfull \hbox (badness 10000) in paragraph at lines 1034--1035
[]|\TU/TimesNewRoman(0)/m/n/12 Packaging/testing, discrete devices,
 []


Underfull \hbox (badness 10000) in paragraph at lines 1036--1036
[]|\TU/TimesNewRoman(0)/m/n/12 Eastern, Western,
 []


Underfull \hbox (badness 10000) in paragraph at lines 1036--1036
\TU/TimesNewRoman(0)/m/n/12 Northern Guang-
 []


Overfull \hbox (10.99666pt too wide) in paragraph at lines 1027--1041
 [][] 
 []

[26]
File: ../img/广东省集成电路人才区域分布与供需趋势.jpeg Graphic file (type bmp)
<../img/广东省集成电路人才区域分布与供需趋势.jpeg>
 [27]
Underfull \hbox (badness 2617) in paragraph at lines 1069--1069
[]|\TU/TimesNewRoman(0)/b/n/12 Est. Employ-
 []


Underfull \hbox (badness 10000) in paragraph at lines 1074--1074
[]|\TU/TimesNewRoman(0)/m/n/12 Associate &
 []


Underfull \hbox (badness 10000) in paragraph at lines 1076--1076
[]|\TU/TimesNewRoman(0)/b/n/12 Bachelor’s+
 []


Overfull \hbox (12.57207pt too wide) in paragraph at lines 1066--1079
 [][] 
 []

[28]
Underfull \hbox (badness 2269) in paragraph at lines 1110--1111
[]|\TU/TimesNewRoman(0)/m/n/12 Fresh graduates and $\OML/cmm/m/it/12 <$\TU/TimesNewRoman(0)/m/n/12 3-year employees;
 []


Underfull \hbox (badness 3219) in paragraph at lines 1112--1112
[]|\TU/TimesNewRoman(0)/m/n/12 Senior (Senior Engineer,
 []


Underfull \hbox (badness 6808) in paragraph at lines 1113--1113
[]|\TU/TimesNewRoman(0)/m/n/12 High-level Leading Tal-
 []

[29] [30]
Overfull \hbox (7.88728pt too wide) in paragraph at lines 1164--1166
 []\TU/TimesNewRoman(0)/b/n/12 Emerging Industries: Advanced Manufacturing and R&D Talent.[] \TU/TimesNewRoman(0)/m/n/12 The explosive growth
 []


Overfull \hbox (10.32187pt too wide) in paragraph at lines 1180--1182
 []\TU/TimesNewRoman(0)/b/n/12 Future Industries: Embodied Intelligence and Advanced Architecture.[] \TU/TimesNewRoman(0)/m/n/12 Forward-looking
 []


Overfull \hbox (6.73282pt too wide) in paragraph at lines 1188--1192
[]\TU/TimesNewRoman(0)/b/n/12 Chiplet and Advanced Architecture: \TU/TimesNewRoman(0)/m/n/12 As Moore’s Law slows, Chiplet and Computing-
 []


Overfull \hbox (6.35703pt too wide) in paragraph at lines 1195--1197
\TU/TimesNewRoman(0)/m/n/12 tional manufacturing’s digital shift creates demand for embedded systems and third-generation
 []

[31]
Underfull \hbox (badness 10000) in paragraph at lines 1224--1224
[]|\TU/TimesNewRoman(0)/m/n/12 Wafer Manu-
 []


Underfull \hbox (badness 10000) in paragraph at lines 1224--1224
[]|\TU/TimesNewRoman(0)/m/n/12 Process R&D engineers,
 []


Underfull \hbox (badness 10000) in paragraph at lines 1224--1224
\TU/TimesNewRoman(0)/m/n/12 lithography/etch/thin-film/ion im-
 []


Underfull \hbox (badness 6125) in paragraph at lines 1224--1224
\TU/TimesNewRoman(0)/m/n/12 engineers, production line integration
 []


Underfull \hbox (badness 10000) in paragraph at lines 1224--1225
[]|\TU/TimesNewRoman(0)/m/n/12 Rapidly expanding
 []


Underfull \hbox (badness 10000) in paragraph at lines 1225--1225
[]|\TU/TimesNewRoman(0)/m/n/12 Packaging &
 []


Underfull \hbox (badness 10000) in paragraph at lines 1225--1225
[]|\TU/TimesNewRoman(0)/m/n/12 Advanced packaging R&D
 []


Underfull \hbox (badness 10000) in paragraph at lines 1225--1225
\TU/TimesNewRoman(0)/m/n/12 (SiP/FC/WLCSP), Fan-out/2.5D/3D
 []


Underfull \hbox (badness 1264) in paragraph at lines 1225--1226
[]|\TU/TimesNewRoman(0)/m/n/12 Emerging direction;
 []


Underfull \hbox (badness 6842) in paragraph at lines 1226--1226
[]|\TU/TimesNewRoman(0)/m/n/12 Equipment &
 []


Underfull \hbox (badness 3364) in paragraph at lines 1226--1226
[]|\TU/TimesNewRoman(0)/m/n/12 Semiconductor equipment R&D, criti-
 []


Underfull \hbox (badness 10000) in paragraph at lines 1226--1227
[]|\TU/TimesNewRoman(0)/m/n/12 Weakest link;
 []


Underfull \hbox (badness 10000) in paragraph at lines 1226--1227
\OML/cmm/m/it/12 <$\TU/TimesNewRoman(0)/m/n/12 4,500 full-time
 []


Underfull \hbox (badness 1796) in paragraph at lines 1226--1227
\TU/TimesNewRoman(0)/m/n/12 EDA/IP profession-
 []

[32]
Overfull \hbox (26.31601pt too wide) in paragraph at lines 1272--1275
[]\TU/TimesNewRoman(0)/b/n/12 Collaboration: \TU/TimesNewRoman(0)/m/n/12 The ability to communicate effectively across the “Design–Manufacturing–
 []

[33]
File: ../img/全国IC人才分布图_en.png Graphic file (type bmp)
<../img/全国IC人才分布图_en.png>
 [34]
Underfull \hbox (badness 10000) in paragraph at lines 1331--1331
[]|\TU/TimesNewRoman(0)/b/n/12 Delivery Destina-
 []

[35]
Overfull \hbox (25.74275pt too wide) in paragraph at lines 1354--1358
[]\TU/TimesNewRoman(0)/m/n/12 Cross-sector inflow to the IC industry mainly originates from Electronics/Semiconductor/IC
 []


Overfull \hbox (4.98636pt too wide) in paragraph at lines 1354--1358
\TU/TimesNewRoman(0)/m/n/12 itself (7.86%), followed by Machinery/Equipment (4.96%), Internet (4.17%), and Com-
 []


LaTeX Font Warning: Font shape `TU/SongtiSC(0)/m/it' undefined
(Font)              using `TU/SongtiSC(0)/m/n' instead on input line 1363.

[36]
Underfull \hbox (badness 10000) in paragraph at lines 1407--1408
[]|\TU/TimesNewRoman(0)/b/n/12 Partner Enter-
 []


Underfull \hbox (badness 10000) in paragraph at lines 1409--1409
[]|\TU/TimesNewRoman(0)/m/n/12 Customized
 []


Underfull \hbox (badness 10000) in paragraph at lines 1409--1409
\TU/TimesNewRoman(0)/m/n/12 Training Pro-
 []


Underfull \hbox (badness 10000) in paragraph at lines 1409--1409
[]|\TU/TimesNewRoman(0)/m/n/12 GDUT–CanSemi “Ingenuity
 []


Underfull \hbox (badness 10000) in paragraph at lines 1409--1409
\TU/TimesNewRoman(0)/m/n/12 Class”; GDUT customized
 []


Underfull \hbox (badness 6461) in paragraph at lines 1410--1410
[]|\TU/TimesNewRoman(0)/m/n/12 Joint Laborato-
 []


Underfull \hbox (badness 10000) in paragraph at lines 1410--1410
\TU/TimesNewRoman(0)/m/n/12 Microelectronics Joint Lab;
 []


Underfull \hbox (badness 3240) in paragraph at lines 1410--1410
\TU/TimesNewRoman(0)/m/n/12 SZU–Huawei EDA Joint Lab;
 []


Underfull \hbox (badness 10000) in paragraph at lines 1410--1410
\TU/TimesNewRoman(0)/m/n/12 GDUT–Huawei “Kunpeng &
 []


Underfull \hbox (badness 3758) in paragraph at lines 1410--1410
\TU/TimesNewRoman(0)/m/n/12 Shengteng” Developer Innova-
 []


Underfull \hbox (badness 7685) in paragraph at lines 1410--1411
[]|\TU/TimesNewRoman(0)/m/n/12 Huawei, ZTE Micro, Arm
 []


Underfull \hbox (badness 10000) in paragraph at lines 1411--1411
[]|\TU/TimesNewRoman(0)/m/n/12 Industry
 []


Underfull \hbox (badness 2875) in paragraph at lines 1411--1411
[]|\TU/TimesNewRoman(0)/m/n/12 GDUT IC Academy (est. Oct
 []


Underfull \hbox (badness 10000) in paragraph at lines 1411--1411
\TU/TimesNewRoman(0)/m/n/12 2021); Shenzhen Technology
 []


Underfull \hbox (badness 10000) in paragraph at lines 1411--1411
\TU/TimesNewRoman(0)/m/n/12 University Computing Micro-
 []


Underfull \hbox (badness 10000) in paragraph at lines 1412--1412
[]|\TU/TimesNewRoman(0)/m/n/12 Co-supervised
 []


Underfull \hbox (badness 10000) in paragraph at lines 1412--1412
\TU/TimesNewRoman(0)/m/n/12 Graduate Pro-
 []


Underfull \hbox (badness 7704) in paragraph at lines 1412--1413
[]|\TU/TimesNewRoman(0)/m/n/12 Foshan, Dongguan, Zhong-
 []


Underfull \hbox (badness 5490) in paragraph at lines 1412--1413
\TU/TimesNewRoman(0)/m/n/12 shan, Shantou + Provincial
 []


Underfull \hbox (badness 1708) in paragraph at lines 1412--1413
\TU/TimesNewRoman(0)/m/n/12 ences; $\OML/cmm/m/it/12 >$\TU/TimesNewRoman(0)/m/n/12 6,000 graduate stu-
 []

[37]
Overfull \hbox (11.05624pt too wide) in paragraph at lines 1442--1447
[]\TU/TimesNewRoman(0)/b/n/12 Unbalanced talent development across the value chain: \TU/TimesNewRoman(0)/m/n/12 Design segments are crowded
 []

[38]
Underfull \hbox (badness 10000) in paragraph at lines 1496--1496
[]|\TU/TimesNewRoman(0)/m/n/12 Manufacturing &
 []


Underfull \hbox (badness 10000) in paragraph at lines 1496--1496
\TU/TimesNewRoman(0)/m/n/12 Packaging Engi-
 []


Underfull \hbox (badness 10000) in paragraph at lines 1498--1498
[]|\TU/TimesNewRoman(0)/m/n/12 Frontline Skilled
 []


Overfull \hbox (37.44084pt too wide) in paragraph at lines 1490--1501
 [][] 
 []


Overfull \hbox (5.29976pt too wide) in paragraph at lines 1503--1509
[]\TU/TimesNewRoman(0)/b/n/12 Key finding: \TU/TimesNewRoman(0)/m/n/12 Design segment talents enjoy near-comprehensive policy coverage ($\OMS/cmsy/m/n/12 ^^Y$\TU/TimesNewRoman(0)/m/n/12 95%),
 []

[39]
Underfull \hbox (badness 3635) in paragraph at lines 1554--1555
[]|$\OMS/cmsy/m/n/12 ^^O$ \TU/TimesNewRoman(0)/m/n/12 Leading foundational enterprises in
 []


Underfull \hbox (badness 1590) in paragraph at lines 1558--1559
[]|$\OMS/cmsy/m/n/12 ^^O$ \TU/TimesNewRoman(0)/m/n/12 IC manufacturing ecosystem still in
 []


Underfull \hbox (badness 1917) in paragraph at lines 1567--1568
\TU/TimesNewRoman(0)/m/n/12 Wuhan) diverting manufacturing talent
 []


Overfull \hbox (9.97421pt too wide) in paragraph at lines 1572--1581
[]\TU/TimesNewRoman(0)/b/n/12 Core competitive challenge: \TU/TimesNewRoman(0)/m/n/12 High living costs create a persistent talent retention dilemma.
 []

[40] [41]
Underfull \hbox (badness 2334) in paragraph at lines 1672--1672
[]|\TU/TimesNewRoman(0)/m/n/10.95 Industrial Posi-
 []


Underfull \hbox (badness 5817) in paragraph at lines 1672--1672
[]|\TU/TimesNewRoman(0)/m/n/10.95 Wafer Manufacturing
 []


Underfull \hbox (badness 10000) in paragraph at lines 1672--1673
[]|\TU/TimesNewRoman(0)/m/n/10.95 Third-Generation
 []


Underfull \hbox (badness 10000) in paragraph at lines 1673--1673
[]|\TU/TimesNewRoman(0)/m/n/10.95 Representative
 []


Underfull \hbox (badness 10000) in paragraph at lines 1673--1674
[]|\TU/TimesNewRoman(0)/m/n/10.95 Innoscience, Allwin-
 []


Underfull \hbox (badness 10000) in paragraph at lines 1674--1674
[]|\TU/TimesNewRoman(0)/m/n/10.95 Enterprises
 []


Underfull \hbox (badness 10000) in paragraph at lines 1676--1676
[]|\TU/TimesNewRoman(0)/m/n/10.95 Major Patent
 []


Underfull \hbox (badness 10000) in paragraph at lines 1676--1676
[]|\TU/TimesNewRoman(0)/m/n/10.95 Manufacturing pro-
 []


Underfull \hbox (badness 10000) in paragraph at lines 1676--1676
\TU/TimesNewRoman(0)/m/n/10.95 cesses, automotive
 []


Underfull \hbox (badness 10000) in paragraph at lines 1677--1677
[]|\TU/TimesNewRoman(0)/m/n/10.95 Tech. Break-
 []


Underfull \hbox (badness 10000) in paragraph at lines 1677--1677
[]|\TU/TimesNewRoman(0)/m/n/10.95 Domestic IP cores,
 []


Underfull \hbox (badness 4660) in paragraph at lines 1677--1677
\TU/TimesNewRoman(0)/m/n/10.95 EDA tools, automo-
 []


Underfull \hbox (badness 10000) in paragraph at lines 1677--1678
[]|\TU/TimesNewRoman(0)/m/n/10.95 GaN fast-charging
 []


Underfull \hbox (badness 10000) in paragraph at lines 1677--1678
\TU/TimesNewRoman(0)/m/n/10.95 chip commercializa-
 []


Underfull \hbox (badness 10000) in paragraph at lines 1678--1679
[]|\TU/TimesNewRoman(0)/m/n/10.95 Third-gen semicon-
 []


Underfull \hbox (badness 10000) in paragraph at lines 1679--1679
[]|\TU/TimesNewRoman(0)/m/n/10.95 Location Ad-
 []


Underfull \hbox (badness 10000) in paragraph at lines 1679--1679
[]|\TU/TimesNewRoman(0)/m/n/10.95 Strong electronics
 []


Underfull \hbox (badness 10000) in paragraph at lines 1679--1679
[]|\TU/TimesNewRoman(0)/m/n/10.95 Automotive industry,
 []


Underfull \hbox (badness 3333) in paragraph at lines 1679--1680
[]|\TU/TimesNewRoman(0)/m/n/10.95 Consumer electronics
 []


Underfull \hbox (badness 10000) in paragraph at lines 1679--1680
\TU/TimesNewRoman(0)/m/n/10.95 supply chain, lower
 []


Underfull \hbox (badness 10000) in paragraph at lines 1680--1680
[]|\TU/TimesNewRoman(0)/m/n/10.95 Supply Chain
 []


Underfull \hbox (badness 10000) in paragraph at lines 1680--1681
[]|\TU/TimesNewRoman(0)/m/n/10.95 Power & Specialty
 []

[42] [43]
Overfull \hbox (3.21445pt too wide) in paragraph at lines 1729--1737
[]\TU/TimesNewRoman(0)/m/n/12 Huangpu District has achieved a refined spatial division of labor: Knowledge City (North)
 []

[44]
Underfull \hbox (badness 10000) in paragraph at lines 1777--1777
[]|\TU/TimesNewRoman(0)/m/n/12 Innovation
 []


Underfull \hbox (badness 10000) in paragraph at lines 1777--1777
[]|\TU/TimesNewRoman(0)/m/n/12 Manufacturing En-
 []


Underfull \hbox (badness 10000) in paragraph at lines 1778--1778
[]|\TU/TimesNewRoman(0)/m/n/12 Share of
 []


Underfull \hbox (badness 10000) in paragraph at lines 1778--1778
\TU/TimesNewRoman(0)/m/n/12 Provincial
 []


Underfull \hbox (badness 10000) in paragraph at lines 1778--1778
\TU/TimesNewRoman(0)/m/n/12 Invention
 []


Underfull \hbox (badness 10000) in paragraph at lines 1779--1779
[]|\TU/TimesNewRoman(0)/m/n/12 Major Patent
 []


Underfull \hbox (badness 4366) in paragraph at lines 1779--1779
[]|\TU/TimesNewRoman(0)/m/n/12 Manufacturing pro-
 []


Underfull \hbox (badness 10000) in paragraph at lines 1779--1779
\TU/TimesNewRoman(0)/m/n/12 cesses, automotive
 []


Underfull \hbox (badness 10000) in paragraph at lines 1780--1780
[]|\TU/TimesNewRoman(0)/m/n/12 Innovation
 []


Underfull \hbox (badness 10000) in paragraph at lines 1780--1780
\TU/TimesNewRoman(0)/m/n/12 Characteris-
 []


Underfull \hbox (badness 10000) in paragraph at lines 1781--1781
[]|\TU/TimesNewRoman(0)/m/n/12 Specialized manu-
 []


Underfull \hbox (badness 10000) in paragraph at lines 1781--1782
[]|\TU/TimesNewRoman(0)/m/n/12 Leading third-gen
 []


Underfull \hbox (badness 10000) in paragraph at lines 1811--1811
[]|\TU/TimesNewRoman(0)/b/n/12 Industrial Seg-
 []


Underfull \hbox (badness 10000) in paragraph at lines 1814--1814
[]|\TU/TimesNewRoman(0)/m/n/12 Wafer Manufac-
 []


Underfull \hbox (badness 5490) in paragraph at lines 1815--1815
[]|\TU/TimesNewRoman(0)/m/n/12 Power Semicon-
 []


Underfull \hbox (badness 10000) in paragraph at lines 1816--1816
[]|\TU/TimesNewRoman(0)/m/n/12 Packaging &
 []


Underfull \hbox (badness 10000) in paragraph at lines 1816--1816
[]|\TU/TimesNewRoman(0)/m/n/12 Dongguan, Foshan,
 []


Underfull \hbox (badness 3792) in paragraph at lines 1817--1817
[]|\TU/TimesNewRoman(0)/m/n/12 End-User Appli-
 []

[45]
Overfull \hbox (16.38568pt too wide) in paragraph at lines 1840--1847
\TU/TimesNewRoman(0)/m/n/12 guan)”  |\TU/SongtiSC(0)/m/n/12 —| \TU/TimesNewRoman(0)/m/n/12 helps reduce supply chain costs, improve resource allocation efficiency, and strengthen
 []

[46]
Overfull \hbox (8.44977pt too wide) in paragraph at lines 1891--1898
\TU/TimesNewRoman(0)/m/n/12 nated by Synopsys, Cadence, and Mentor; core semiconductor equipment is import-dependent;
 []

[47] [48] [49]
Overfull \hbox (1.8943pt too wide) in paragraph at lines 2013--2017
\TU/TimesNewRoman(0)/m/n/12 home appliances, IoT), absorbing $\OMS/cmsy/m/n/12 ^^X$\TU/TimesNewRoman(0)/m/n/12 40% of domestic terminal chip demand and achiev-
 []


Underfull \hbox (badness 10000) in paragraph at lines 2054--2054
[]|\TU/TimesNewRoman(0)/m/n/12 Technological
 []


Underfull \hbox (badness 10000) in paragraph at lines 2055--2055
[]|\TU/TimesNewRoman(0)/m/n/12 Manufacturing
 []


Underfull \hbox (badness 1264) in paragraph at lines 2055--2055
[]|\TU/TimesNewRoman(0)/m/n/12 Chip Design &
 []


Underfull \hbox (badness 10000) in paragraph at lines 2055--2056
[]|\TU/TimesNewRoman(0)/m/n/12 Materials &
 []


Underfull \hbox (badness 10000) in paragraph at lines 2056--2056
[]|\TU/TimesNewRoman(0)/m/n/12 Government-led
 []


Underfull \hbox (badness 10000) in paragraph at lines 2056--2056
[]|\TU/TimesNewRoman(0)/m/n/12 Innovation-
 []


Underfull \hbox (badness 10000) in paragraph at lines 2056--2056
[]|\TU/TimesNewRoman(0)/m/n/12 Industry-
 []


Underfull \hbox (badness 10000) in paragraph at lines 2056--2056
\TU/TimesNewRoman(0)/m/n/12 Academia
 []


Underfull \hbox (badness 10000) in paragraph at lines 2056--2057
[]|\TU/TimesNewRoman(0)/m/n/12 Industrial
 []


Underfull \hbox (badness 10000) in paragraph at lines 2058--2058
[]|\TU/TimesNewRoman(0)/m/n/12 Global Com-
 []


Overfull \hbox (11.63081pt too wide) in paragraph at lines 2049--2061
 [][] 
 []

[50]
Overfull \hbox (2.64357pt too wide) in paragraph at lines 2065--2072
\TU/TimesNewRoman(0)/m/n/12 The United States leads in chip design, EDA software, venture capital support, and university-
 []


Overfull \hbox (2.23477pt too wide) in paragraph at lines 2086--2094
\TU/TimesNewRoman(0)/m/n/12 design has declined, its upstream technological capabilities remain indispensable to the global
 []

[51]
Overfull \hbox (9.26634pt too wide) in paragraph at lines 2114--2122
\TU/TimesNewRoman(0)/m/n/12 design enterprises (HiSilicon, ZTE Micro); leading domestic position in third-generation
 []

[52]
Overfull \hbox (10.21779pt too wide) in paragraph at lines 2183--2187
[]\TU/TimesNewRoman(0)/b/n/12 Packaging, testing, and semiconductor supporting material/equipment enterprises:
 []

[53] [54] [55]
Overfull \hbox (4.63026pt too wide) in paragraph at lines 2328--2336
[]\TU/TimesNewRoman(0)/b/n/12 SMEs \TU/TimesNewRoman(0)/m/n/12 mostly match with SME credit risk compensation, park incubation startup grants,
 []


Overfull \hbox (2.72292pt too wide) in paragraph at lines 2336--2345
\TU/TimesNewRoman(0)/m/n/12 driven operational model. Wafer manufacturing and compound semiconductor projects
 []

[56] [57]
Overfull \hbox (0.78572pt too wide) in paragraph at lines 2437--2439
\TU/TimesNewRoman(0)/m/n/12 Guangzhou’s IC policies center on its manufacturing-driven strategy and are organized across
 []


Overfull \hbox (12.83163pt too wide) in paragraph at lines 2451--2461
 []\TU/TimesNewRoman(0)/b/n/12 Emerging Industries  |\TU/SongtiSC(0)/b/n/12 —| \TU/TimesNewRoman(0)/b/n/12 Manufacturing Base “Third Pole” Construction.[] \TU/TimesNewRoman(0)/m/n/12 The \TU/TimesNewRoman(0)/m/it/12 Guangzhou
 []

[58]
Overfull \hbox (4.13242pt too wide) in paragraph at lines 2463--2470
 []\TU/TimesNewRoman(0)/b/n/12 Future Industries  |\TU/SongtiSC(0)/b/n/12 —| \TU/TimesNewRoman(0)/b/n/12 Bio-Fusion & Frontier Research.[] \TU/TimesNewRoman(0)/m/n/12 The \TU/TimesNewRoman(0)/m/it/12 Guangzhou Municipal Strate-
 []

[59]
Overfull \hbox (4.60117pt too wide) in paragraph at lines 2521--2525
[]\TU/TimesNewRoman(0)/b/n/12 Japan: \TU/TimesNewRoman(0)/m/n/12 Heavy subsidies for TSMC’s Kumamoto fab and the Rapidus advanced foundry
 []


Overfull \hbox (18.05978pt too wide) in paragraph at lines 2531--2538
\TU/TimesNewRoman(0)/m/n/12 traction, talent recruitment, university programs) and are highly market-oriented and application-
 []


Underfull \hbox (badness 8132) in paragraph at lines 2550--2551
[]|$\OMS/cmsy/m/n/12 ^^X$\TU/TimesNewRoman(0)/m/n/12 $52.7B direct + $\OMS/cmsy/m/n/12 ^^X$\TU/TimesNewRoman(0)/m/n/12 $75B
 []


Underfull \hbox (badness 2521) in paragraph at lines 2551--2552
[]|\TU/TimesNewRoman(0)/m/n/12 Federal direct grants, DoD
 []


Underfull \hbox (badness 4927) in paragraph at lines 2553--2554
[]|\TU/TimesNewRoman(0)/m/n/12 CFIUS reviews; limits on
 []


Underfull \hbox (badness 10000) in paragraph at lines 2567--2567
[]|\TU/TimesNewRoman(0)/m/n/12 Silicon photonics, optical
 []


Underfull \hbox (badness 10000) in paragraph at lines 2567--2567
\TU/TimesNewRoman(0)/m/n/12 computing, specialty pro-
 []


Underfull \hbox (badness 10000) in paragraph at lines 2568--2568
[]|\TU/TimesNewRoman(0)/m/n/12 Innovation
 []


Underfull \hbox (badness 10000) in paragraph at lines 2568--2568
[]|\TU/TimesNewRoman(0)/m/n/12 Enterprise-led (Huawei,
 []


Underfull \hbox (badness 2582) in paragraph at lines 2568--2569
[]|\TU/TimesNewRoman(0)/m/n/12 National labs (MIT Micro-
 []


Underfull \hbox (badness 10000) in paragraph at lines 2568--2569
\TU/TimesNewRoman(0)/m/n/12 electronics), IDMs (Intel,
 []


Underfull \hbox (badness 1852) in paragraph at lines 2568--2569
\TU/TimesNewRoman(0)/m/n/12 TSMC), equipment vendors
 []


Underfull \hbox (badness 10000) in paragraph at lines 2568--2569
\TU/TimesNewRoman(0)/m/n/12 (ASML, AMAT) deeply
 []


Underfull \hbox (badness 10000) in paragraph at lines 2569--2569
[]|\TU/TimesNewRoman(0)/m/n/12 Technology
 []


Underfull \hbox (badness 10000) in paragraph at lines 2569--2569
[]|\TU/TimesNewRoman(0)/m/n/12 Purchased/licensed equip-
 []


Underfull \hbox (badness 7451) in paragraph at lines 2569--2570
[]|\TU/TimesNewRoman(0)/m/n/12 Full proprietary IP, patent
 []


Underfull \hbox (badness 10000) in paragraph at lines 2570--2570
[]|\TU/TimesNewRoman(0)/m/n/12 EUV lithography blocked;
 []


Underfull \hbox (badness 1308) in paragraph at lines 2570--2571
[]|\TU/TimesNewRoman(0)/m/n/12 Export controls to maintain
 []

[60] [61]
Overfull \hbox (9.82558pt too wide) in paragraph at lines 2613--2622
[]\TU/TimesNewRoman(0)/b/n/12 Strengthen Closed-Loop Resilience of the Greater Bay Area Internal Supply Chain:
 []


Overfull \hbox (10.56992pt too wide) in paragraph at lines 2627--2631
[]\TU/TimesNewRoman(0)/b/n/12 Enrich SME-specific financial instruments: \TU/TimesNewRoman(0)/m/n/12 Launch exclusive provincial zero-interest
 []


Overfull \hbox (2.70468pt too wide) in paragraph at lines 2627--2631
\TU/TimesNewRoman(0)/m/n/12 revolving funds for small-sized design enterprises referencing Zhejiang’s policy model,
 []

[62]
Overfull \hbox (8.03671pt too wide) in paragraph at lines 2680--2683
[]\TU/TimesNewRoman(0)/b/n/12 Improve policy implementation: \TU/TimesNewRoman(0)/m/n/12 Establish direct policy access mechanisms for SMEs,
 []

[63]
Overfull \hbox (5.18385pt too wide) in paragraph at lines 2711--2714
\TU/TimesNewRoman(0)/m/n/12 Press Conference. [][]$[][][][][] [] [] [] [][][] [] [][] [] [][][] [] [][] [] [][][][] [] [][][][] [] [][][][] [] [][][][][][][] []
 []


Overfull \hbox (11.04974pt too wide) in paragraph at lines 2714--2716
[]\TU/TimesNewRoman(0)/m/n/12 21st Century Business Herald. Guangdong’s Chip Push. [][]$[][][][][] [] [] [] [][][] [] [][][][][][][][] []
 []


Overfull \hbox (31.09921pt too wide) in paragraph at lines 2714--2716
[][][] [] [][][][][][][] [] [][][][][][][][] [] [][][][][][] [] [][][][][][][][][][][][][][][][][][][][][][][][][][][][][][][][] []
 []

[64] (./research_framework_en.aux)
 ***********
LaTeX2e <2025-11-01>
L3 programming layer <2022/08/05>
 ***********


LaTeX Font Warning: Some font shapes were not available, defaults substituted.


LaTeX Warning: Label(s) may have changed. Rerun to get cross-references right.

Package rerunfilecheck Info: File `research_framework_en.out' has not changed.
(rerunfilecheck)             Checksum: 11038D7C06A2B1FD22175AC55C2E1D9C;22328.
Package logreq Info: Writing requests to 'research_framework_en.run.xml'.
\openout1 = `research_framework_en.run.xml'.

 ) 
Here is how much of TeX's memory you used:
 33378 strings out of 469533
 701322 string characters out of 5462676
 1603496 words of memory out of 5000000
 61659 multiletter control sequences out of 15000+600000
 635316 words of font info for 132 fonts, out of 8000000 for 9000
 319 hyphenation exceptions out of 8191
 84i,13n,94p,772b,803s stack positions out of 10000i,1000n,20000p,200000b,200000s

Output written on research_framework_en.pdf (64 pages).
